2024-12-18 10:53:52,505 - INFO - Application started.
2024-12-18 10:53:53,145 - INFO - Executing command: smartctl --scan
2024-12-18 10:53:53,160 - INFO - Connected (version 2.0, client OpenSSH_9.2p1)
2024-12-18 10:53:53,456 - INFO - Authentication (password) successful!
2024-12-18 10:53:53,507 - ERROR - Error executing command: sh: 1: smartctl: not found

2024-12-18 10:53:53,507 - ERROR - SSH Execution Failed: SSH Command Error: sh: 1: smartctl: not found

2024-12-18 10:53:53,508 - INFO - Executing command: zfs list -o name,encryption,keystatus -H
2024-12-18 10:53:53,520 - INFO - Connected (version 2.0, client OpenSSH_9.2p1)
2024-12-18 10:53:53,820 - INFO - Authentication (password) successful!
2024-12-18 10:53:53,877 - ERROR - Error executing command: sh: 1: zfs: not found

2024-12-18 10:53:53,877 - ERROR - SSH Execution Failed: SSH Command Error: sh: 1: zfs: not found

2024-12-18 10:53:56,872 - INFO - Executing command: sudo cat /var/log/messages
2024-12-18 10:53:56,882 - INFO - Connected (version 2.0, client OpenSSH_9.2p1)
2024-12-18 10:53:57,180 - INFO - Authentication (password) successful!
2024-12-18 10:53:57,271 - INFO - Command output: Dec  5 09:59:44 truenas kernel: microcode: updated early: 0xc2 -> 0xf0, date = 2021-11-12
Dec  5 09:59:44 truenas kernel: Linux version 6.6.44-production+truenas (root@tnsbuilds01.tn.ixsystems.net) (gcc (Debian 12.2.0-14) 12.2.0, GNU ld (GNU Binutils for Debian) 2.40) #1 SMP PREEMPT_DYNAMIC Fri Nov  8 18:37:36 UTC 2024
Dec  5 09:59:44 truenas kernel: Command line: BOOT_IMAGE=/ROOT/24.10.0.2@/boot/vmlinuz-6.6.44-production+truenas root=ZFS=boot-pool/ROOT/24.10.0.2 ro libata.allow_tpm=1 amd_iommu=on iommu=pt kvm_amd.npt=1 kvm_amd.avic=1 intel_iommu=on zfsforce=1 nvme_core.multipath=N
Dec  5 09:59:44 truenas kernel: BIOS-provided physical RAM map:
Dec  5 09:59:44 truenas kernel: BIOS-e820: [mem 0x0000000000000000-0x0000000000057fff] usable
Dec  5 09:59:44 truenas kernel: BIOS-e820: [mem 0x0000000000058000-0x0000000000058fff] reserved
Dec  5 09:59:44 truenas kernel: BIOS-e820: [mem 0x0000000000059000-0x000000000009efff] usable
Dec  5 09:59:44 truenas kernel: BIOS-e820: [mem 0x000000000009f000-0x00000000000fffff] reserved
Dec  5 09:59:44 truenas kernel: BIOS-e820: [mem 0x0000000000100000-0x00000000b29bafff] usable
Dec  5 09:59:44 truenas kernel: BIOS-e820: [mem 0x00000000b29bb000-0x00000000b29bbfff] ACPI NVS
Dec  5 10:01:10 truenas syslog-ng[3297]: syslog-ng starting up; version='3.38.1'
Dec  5 09:59:44 truenas kernel: BIOS-e820: [mem 0x00000000b29bc000-0x00000000b29bcfff] reserved
Dec  5 09:59:44 truenas kernel: BIOS-e820: [mem 0x00000000b29bd000-0x00000000b9d6bfff] usable
Dec  5 09:59:44 truenas kernel: BIOS-e820: [mem 0x00000000b9d6c000-0x00000000ba0effff] reserved
Dec  5 09:59:44 truenas kernel: BIOS-e820: [mem 0x00000000ba0f0000-0x00000000ba320fff] usable
Dec  5 09:59:44 truenas kernel: BIOS-e820: [mem 0x00000000ba321000-0x00000000ba9cffff] ACPI NVS
Dec  5 09:59:44 truenas kernel: BIOS-e820: [mem 0x00000000ba9d0000-0x00000000baea3fff] reserved
Dec  5 09:59:44 truenas kernel: BIOS-e820: [mem 0x00000000baea4000-0x00000000baefefff] type 20
Dec  5 09:59:44 truenas kernel: BIOS-e820: [mem 0x00000000baeff000-0x00000000baefffff] usable
Dec  5 09:59:44 truenas kernel: BIOS-e820: [mem 0x00000000baf00000-0x00000000bfffffff] reserved
Dec  5 09:59:44 truenas kernel: BIOS-e820: [mem 0x00000000f0000000-0x00000000f7ffffff] reserved
Dec  5 09:59:44 truenas kernel: BIOS-e820: [mem 0x00000000fe000000-0x00000000fe010fff] reserved
Dec  5 09:59:44 truenas kernel: BIOS-e820: [mem 0x00000000fec00000-0x00000000fec00fff] reserved
Dec  5 09:59:44 truenas kernel: BIOS-e820: [mem 0x00000000fee00000-0x00000000fee00fff] reserved
Dec  5 09:59:44 truenas kernel: BIOS-e820: [mem 0x00000000ff000000-0x00000000ffffffff] reserved
Dec  5 09:59:44 truenas kernel: BIOS-e820: [mem 0x0000000100000000-0x000000083effffff] usable
Dec  5 09:59:44 truenas kernel: NX (Execute Disable) protection: active
Dec  5 09:59:44 truenas kernel: APIC: Static calls initialized
Dec  5 09:59:44 truenas kernel: efi: EFI v2.5 by American Megatrends
Dec  5 09:59:44 truenas kernel: efi: ACPI 2.0=0xba621000 ACPI=0xba621000 SMBIOS=0xbadcf000 SMBIOS 3.0=0xbadce000 ESRT=0xb8b29158 
Dec  5 09:59:44 truenas kernel: efi: Remove mem38: MMIO range=[0xf0000000-0xf7ffffff] (128MB) from e820 map
Dec  5 09:59:44 truenas kernel: efi: Not removing mem39: MMIO range=[0xfe000000-0xfe010fff] (68KB) from e820 map
Dec  5 09:59:44 truenas kernel: efi: Not removing mem40: MMIO range=[0xfec00000-0xfec00fff] (4KB) from e820 map
Dec  5 09:59:44 truenas kernel: efi: Not removing mem41: MMIO range=[0xfee00000-0xfee00fff] (4KB) from e820 map
Dec  5 09:59:44 truenas kernel: efi: Remove mem42: MMIO range=[0xff000000-0xffffffff] (16MB) from e820 map
Dec  5 09:59:44 truenas kernel: SMBIOS 3.0.0 present.
Dec  5 09:59:44 truenas kernel: DMI: Gigabyte Technology Co., Ltd. Z170N-WIFI/Z170N-WIFI-CF, BIOS F20i 03/09/2018
Dec  5 09:59:44 truenas kernel: tsc: Detected 3200.000 MHz processor
Dec  5 09:59:44 truenas kernel: tsc: Detected 3199.980 MHz TSC
Dec  5 09:59:44 truenas kernel: last_pfn = 0x83f000 max_arch_pfn = 0x400000000
Dec  5 09:59:44 truenas kernel: MTRR map: 4 entries (3 fixed + 1 variable; max 23), built from 10 variable MTRRs
Dec  5 09:59:44 truenas kernel: x86/PAT: Configuration [0-7]: WB  WC  UC- UC  WB  WP  UC- WT  
Dec  5 09:59:44 truenas kernel: last_pfn = 0xbaf00 max_arch_pfn = 0x400000000
Dec  5 09:59:44 truenas kernel: found SMP MP-table at [mem 0x000fcc60-0x000fcc6f]
Dec  5 09:59:44 truenas kernel: esrt: Reserving ESRT space from 0x00000000b8b29158 to 0x00000000b8b29190.
Dec  5 09:59:44 truenas kernel: Using GB pages for direct mapping
Dec  5 09:59:44 truenas kernel: Secure boot disabled
Dec  5 09:59:44 truenas kernel: RAMDISK: [mem 0x2f1bb000-0x338d4fff]
Dec  5 09:59:44 truenas kernel: ACPI: Early table checksum verification disabled
Dec  5 09:59:44 truenas kernel: ACPI: RSDP 0x00000000BA621000 000024 (v02 ALASKA)
Dec  5 09:59:44 truenas kernel: ACPI: XSDT 0x00000000BA6210A0 0000BC (v01 ALASKA A M I    01072009 AMI  00010013)
Dec  5 09:59:44 truenas kernel: ACPI: FACP 0x00000000BA6492A8 000114 (v06 ALASKA A M I    01072009 AMI  00010013)
Dec  5 09:59:44 truenas kernel: ACPI: DSDT 0x00000000BA6211F0 0280B7 (v02 ALASKA A M I    01072009 INTL 20160422)
Dec  5 09:59:44 truenas kernel: ACPI: FACS 0x00000000BA9CFC40 000040
Dec  5 09:59:44 truenas kernel: ACPI: APIC 0x00000000BA6493C0 000084 (v03 ALASKA A M I    01072009 AMI  00010013)
Dec  5 09:59:44 truenas kernel: ACPI: FPDT 0x00000000BA649448 000044 (v01 ALASKA A M I    01072009 AMI  00010013)
Dec  5 09:59:44 truenas kernel: ACPI: MCFG 0x00000000BA649490 00003C (v01 ALASKA A M I    01072009 MSFT 00000097)
Dec  5 09:59:44 truenas kernel: ACPI: FIDT 0x00000000BA6494D0 00009C (v01 ALASKA A M I    01072009 AMI  00010013)
Dec  5 09:59:44 truenas kernel: ACPI: SSDT 0x00000000BA649570 003154 (v02 SaSsdt SaSsdt   00003000 INTL 20160422)
Dec  5 09:59:44 truenas kernel: ACPI: SSDT 0x00000000BA64C6C8 002544 (v02 PegSsd PegSsdt  00001000 INTL 20160422)
Dec  5 09:59:44 truenas kernel: ACPI: HPET 0x00000000BA64EC10 000038 (v01 INTEL  SKL      00000001 MSFT 0000005F)
Dec  5 09:59:44 truenas kernel: ACPI: SSDT 0x00000000BA64EC48 000E3B (v02 INTEL  Ther_Rvp 00001000 INTL 20160422)
Dec  5 09:59:44 truenas kernel: ACPI: SSDT 0x00000000BA64FA88 002AD7 (v02 INTEL  xh_rvp10 00000000 INTL 20160422)
Dec  5 09:59:44 truenas kernel: ACPI: UEFI 0x00000000BA652560 000042 (v01 INTEL  EDK2     00000002      01000013)
Dec  5 09:59:44 truenas kernel: ACPI: SSDT 0x00000000BA6525A8 000EDE (v02 CpuRef CpuSsdt  00003000 INTL 20160422)
Dec  5 09:59:44 truenas kernel: ACPI: LPIT 0x00000000BA653488 000094 (v01 INTEL  SKL      00000000 MSFT 0000005F)
Dec  5 09:59:44 truenas kernel: ACPI: WSMT 0x00000000BA653520 000028 (v01 INTEL  SKL      00000000 MSFT 0000005F)
Dec  5 09:59:44 truenas kernel: ACPI: SSDT 0x00000000BA653548 00029F (v02 INTEL  sensrhub 00000000 INTL 20160422)
Dec  5 09:59:44 truenas kernel: ACPI: SSDT 0x00000000BA6537E8 003002 (v02 INTEL  PtidDevc 00001000 INTL 20160422)
Dec  5 09:59:44 truenas kernel: ACPI: DBGP 0x00000000BA6567F0 000034 (v01 INTEL           00000002 MSFT 0000005F)
Dec  5 09:59:44 truenas kernel: ACPI: DBG2 0x00000000BA656828 000054 (v00 INTEL           00000002 MSFT 0000005F)
Dec  5 09:59:44 truenas kernel: ACPI: DMAR 0x00000000BA656880 0000A8 (v01 INTEL  SKL      00000001 INTL 00000001)
Dec  5 09:59:44 truenas kernel: ACPI: Reserving FACP table memory at [mem 0xba6492a8-0xba6493bb]
Dec  5 09:59:44 truenas kernel: ACPI: Reserving DSDT table memory at [mem 0xba6211f0-0xba6492a6]
Dec  5 09:59:44 truenas kernel: ACPI: Reserving FACS table memory at [mem 0xba9cfc40-0xba9cfc7f]
Dec  5 09:59:44 truenas kernel: ACPI: Reserving APIC table memory at [mem 0xba6493c0-0xba649443]
Dec  5 09:59:44 truenas kernel: ACPI: Reserving FPDT table memory at [mem 0xba649448-0xba64948b]
Dec  5 09:59:44 truenas kernel: ACPI: Reserving MCFG table memory at [mem 0xba649490-0xba6494cb]
Dec  5 09:59:44 truenas kernel: ACPI: Reserving FIDT table memory at [mem 0xba6494d0-0xba64956b]
Dec  5 09:59:44 truenas kernel: ACPI: Reserving SSDT table memory at [mem 0xba649570-0xba64c6c3]
Dec  5 09:59:44 truenas kernel: ACPI: Reserving SSDT table memory at [mem 0xba64c6c8-0xba64ec0b]
Dec  5 09:59:44 truenas kernel: ACPI: Reserving HPET table memory at [mem 0xba64ec10-0xba64ec47]
Dec  5 09:59:44 truenas kernel: ACPI: Reserving SSDT table memory at [mem 0xba64ec48-0xba64fa82]
Dec  5 09:59:44 truenas kernel: ACPI: Reserving SSDT table memory at [mem 0xba64fa88-0xba65255e]
Dec  5 09:59:44 truenas kernel: ACPI: Reserving UEFI table memory at [mem 0xba652560-0xba6525a1]
Dec  5 09:59:44 truenas kernel: ACPI: Reserving SSDT table memory at [mem 0xba6525a8-0xba653485]
Dec  5 09:59:44 truenas kernel: ACPI: Reserving LPIT table memory at [mem 0xba653488-0xba65351b]
Dec  5 09:59:44 truenas kernel: ACPI: Reserving WSMT table memory at [mem 0xba653520-0xba653547]
Dec  5 09:59:44 truenas kernel: ACPI: Reserving SSDT table memory at [mem 0xba653548-0xba6537e6]
Dec  5 09:59:44 truenas kernel: ACPI: Reserving SSDT table memory at [mem 0xba6537e8-0xba6567e9]
Dec  5 09:59:44 truenas kernel: ACPI: Reserving DBGP table memory at [mem 0xba6567f0-0xba656823]
Dec  5 09:59:44 truenas kernel: ACPI: Reserving DBG2 table memory at [mem 0xba656828-0xba65687b]
Dec  5 09:59:44 truenas kernel: ACPI: Reserving DMAR table memory at [mem 0xba656880-0xba656927]
Dec  5 09:59:44 truenas kernel: No NUMA configuration found
Dec  5 09:59:44 truenas kernel: Faking a node at [mem 0x0000000000000000-0x000000083effffff]
Dec  5 09:59:44 truenas kernel: NODE_DATA(0) allocated [mem 0x83efd4000-0x83effffff]
Dec  5 09:59:44 truenas kernel: cma: Reserved 256 MiB at 0x0000000100000000 on node -1
Dec  5 09:59:44 truenas kernel: Zone ranges:
Dec  5 09:59:44 truenas kernel:   DMA      [mem 0x0000000000001000-0x0000000000ffffff]
Dec  5 09:59:44 truenas kernel:   DMA32    [mem 0x0000000001000000-0x00000000ffffffff]
Dec  5 09:59:44 truenas kernel:   Normal   [mem 0x0000000100000000-0x000000083effffff]
Dec  5 09:59:44 truenas kernel:   Device   empty
Dec  5 09:59:44 truenas kernel: Movable zone start for each node
Dec  5 09:59:44 truenas kernel: Early memory node ranges
Dec  5 09:59:44 truenas kernel:   node   0: [mem 0x0000000000001000-0x0000000000057fff]
Dec  5 09:59:44 truenas kernel:   node   0: [mem 0x0000000000059000-0x000000000009efff]
Dec  5 09:59:44 truenas kernel:   node   0: [mem 0x0000000000100000-0x00000000b29bafff]
Dec  5 09:59:44 truenas kernel:   node   0: [mem 0x00000000b29bd000-0x00000000b9d6bfff]
Dec  5 09:59:44 truenas kernel:   node   0: [mem 0x00000000ba0f0000-0x00000000ba320fff]
Dec  5 09:59:44 truenas kernel:   node   0: [mem 0x00000000baeff000-0x00000000baefffff]
Dec  5 09:59:44 truenas kernel:   node   0: [mem 0x0000000100000000-0x000000083effffff]
Dec  5 09:59:44 truenas kernel: Initmem setup node 0 [mem 0x0000000000001000-0x000000083effffff]
Dec  5 09:59:44 truenas kernel: On node 0, zone DMA: 1 pages in unavailable ranges
Dec  5 09:59:44 truenas kernel: On node 0, zone DMA: 1 pages in unavailable ranges
Dec  5 09:59:44 truenas kernel: On node 0, zone DMA: 97 pages in unavailable ranges
Dec  5 09:59:44 truenas kernel: On node 0, zone DMA32: 2 pages in unavailable ranges
Dec  5 09:59:44 truenas kernel: On node 0, zone DMA32: 900 pages in unavailable ranges
Dec  5 09:59:44 truenas kernel: On node 0, zone DMA32: 3038 pages in unavailable ranges
Dec  5 09:59:44 truenas kernel: On node 0, zone Normal: 20736 pages in unavailable ranges
Dec  5 09:59:44 truenas kernel: On node 0, zone Normal: 4096 pages in unavailable ranges
Dec  5 09:59:44 truenas kernel: Reserving Intel graphics memory at [mem 0xbc000000-0xbfffffff]
Dec  5 09:59:44 truenas kernel: ACPI: PM-Timer IO Port: 0x1808
Dec  5 09:59:44 truenas kernel: ACPI: LAPIC_NMI (acpi_id[0x01] high edge lint[0x1])
Dec  5 09:59:44 truenas kernel: ACPI: LAPIC_NMI (acpi_id[0x02] high edge lint[0x1])
Dec  5 09:59:44 truenas kernel: ACPI: LAPIC_NMI (acpi_id[0x03] high edge lint[0x1])
Dec  5 09:59:44 truenas kernel: ACPI: LAPIC_NMI (acpi_id[0x04] high edge lint[0x1])
Dec  5 09:59:44 truenas kernel: IOAPIC[0]: apic_id 2, version 32, address 0xfec00000, GSI 0-119
Dec  5 09:59:44 truenas kernel: ACPI: INT_SRC_OVR (bus 0 bus_irq 0 global_irq 2 dfl dfl)
Dec  5 09:59:44 truenas kernel: ACPI: INT_SRC_OVR (bus 0 bus_irq 9 global_irq 9 high level)
Dec  5 09:59:44 truenas kernel: ACPI: Using ACPI (MADT) for SMP configuration information
Dec  5 09:59:44 truenas kernel: ACPI: HPET id: 0x8086a201 base: 0xfed00000
Dec  5 09:59:44 truenas kernel: TSC deadline timer available
Dec  5 09:59:44 truenas kernel: smpboot: Allowing 4 CPUs, 0 hotplug CPUs
Dec  5 09:59:44 truenas kernel: PM: hibernation: Registered nosave memory: [mem 0x00000000-0x00000fff]
Dec  5 09:59:44 truenas kernel: PM: hibernation: Registered nosave memory: [mem 0x00058000-0x00058fff]
Dec  5 09:59:44 truenas kernel: PM: hibernation: Registered nosave memory: [mem 0x0009f000-0x000fffff]
Dec  5 09:59:44 truenas kernel: PM: hibernation: Registered nosave memory: [mem 0xb29bb000-0xb29bbfff]
Dec  5 09:59:44 truenas kernel: PM: hibernation: Registered nosave memory: [mem 0xb29bc000-0xb29bcfff]
Dec  5 09:59:44 truenas kernel: PM: hibernation: Registered nosave memory: [mem 0xb8b29000-0xb8b29fff]
Dec  5 09:59:44 truenas kernel: PM: hibernation: Registered nosave memory: [mem 0xb9d6c000-0xba0effff]
Dec  5 09:59:44 truenas kernel: PM: hibernation: Registered nosave memory: [mem 0xba321000-0xba9cffff]
Dec  5 09:59:44 truenas kernel: PM: hibernation: Registered nosave memory: [mem 0xba9d0000-0xbaea3fff]
Dec  5 09:59:44 truenas kernel: PM: hibernation: Registered nosave memory: [mem 0xbaea4000-0xbaefefff]
Dec  5 09:59:44 truenas kernel: PM: hibernation: Registered nosave memory: [mem 0xbaf00000-0xbfffffff]
Dec  5 09:59:44 truenas kernel: PM: hibernation: Registered nosave memory: [mem 0xc0000000-0xfdffffff]
Dec  5 09:59:44 truenas kernel: PM: hibernation: Registered nosave memory: [mem 0xfe000000-0xfe010fff]
Dec  5 09:59:44 truenas kernel: PM: hibernation: Registered nosave memory: [mem 0xfe011000-0xfebfffff]
Dec  5 09:59:44 truenas kernel: PM: hibernation: Registered nosave memory: [mem 0xfec00000-0xfec00fff]
Dec  5 09:59:44 truenas kernel: PM: hibernation: Registered nosave memory: [mem 0xfec01000-0xfedfffff]
Dec  5 09:59:44 truenas kernel: PM: hibernation: Registered nosave memory: [mem 0xfee00000-0xfee00fff]
Dec  5 09:59:44 truenas kernel: PM: hibernation: Registered nosave memory: [mem 0xfee01000-0xffffffff]
Dec  5 09:59:44 truenas kernel: [mem 0xc0000000-0xfdffffff] available for PCI devices
Dec  5 09:59:44 truenas kernel: Booting paravirtualized kernel on bare hardware
Dec  5 09:59:44 truenas kernel: clocksource: refined-jiffies: mask: 0xffffffff max_cycles: 0xffffffff, max_idle_ns: 7645519600211568 ns
Dec  5 09:59:44 truenas kernel: setup_percpu: NR_CPUS:8192 nr_cpumask_bits:4 nr_cpu_ids:4 nr_node_ids:1
Dec  5 09:59:44 truenas kernel: percpu: Embedded 63 pages/cpu s221184 r8192 d28672 u524288
Dec  5 09:59:44 truenas kernel: Kernel command line: BOOT_IMAGE=/ROOT/24.10.0.2@/boot/vmlinuz-6.6.44-production+truenas root=ZFS=boot-pool/ROOT/24.10.0.2 ro libata.allow_tpm=1 amd_iommu=on iommu=pt kvm_amd.npt=1 kvm_amd.avic=1 intel_iommu=on zfsforce=1 nvme_core.multipath=N
Dec  5 09:59:44 truenas kernel: AMD-Vi: Unknown option - 'on'
Dec  5 09:59:44 truenas kernel: DMAR: IOMMU enabled
Dec  5 09:59:44 truenas kernel: Unknown kernel command line parameters "BOOT_IMAGE=/ROOT/24.10.0.2@/boot/vmlinuz-6.6.44-production+truenas zfsforce=1", will be passed to user space.
Dec  5 09:59:44 truenas kernel: random: crng init done
Dec  5 09:59:44 truenas kernel: Dentry cache hash table entries: 4194304 (order: 13, 33554432 bytes, linear)
Dec  5 09:59:44 truenas kernel: Inode-cache hash table entries: 2097152 (order: 12, 16777216 bytes, linear)
Dec  5 09:59:44 truenas kernel: Fallback order for Node 0: 0 
Dec  5 09:59:44 truenas kernel: Built 1 zonelists, mobility grouping on.  Total pages: 8228957
Dec  5 09:59:44 truenas kernel: Policy zone: Normal
Dec  5 09:59:44 truenas kernel: mem auto-init: stack:all(zero), heap alloc:off, heap free:off
Dec  5 09:59:44 truenas kernel: software IO TLB: area num 4.
Dec  5 09:59:44 truenas kernel: Memory: 2956044K/33438948K available (16384K kernel code, 2367K rwdata, 10496K rodata, 3964K init, 3640K bss, 839984K reserved, 262144K cma-reserved)
Dec  5 09:59:44 truenas kernel: SLUB: HWalign=64, Order=0-3, MinObjects=0, CPUs=4, Nodes=1
Dec  5 09:59:44 truenas kernel: Kernel/User page tables isolation: enabled
Dec  5 09:59:44 truenas kernel: ftrace: allocating 42984 entries in 168 pages
Dec  5 09:59:44 truenas kernel: ftrace: allocated 168 pages with 3 groups
Dec  5 09:59:44 truenas kernel: Dynamic Preempt: voluntary
Dec  5 09:59:44 truenas kernel: rcu: Preemptible hierarchical RCU implementation.
Dec  5 09:59:44 truenas kernel: rcu: 	RCU restricting CPUs from NR_CPUS=8192 to nr_cpu_ids=4.
Dec  5 09:59:44 truenas kernel: 	Trampoline variant of Tasks RCU enabled.
Dec  5 09:59:44 truenas kernel: 	Rude variant of Tasks RCU enabled.
Dec  5 09:59:44 truenas kernel: 	Tracing variant of Tasks RCU enabled.
Dec  5 09:59:44 truenas kernel: rcu: RCU calculated value of scheduler-enlistment delay is 25 jiffies.
Dec  5 09:59:44 truenas kernel: rcu: Adjusting geometry for rcu_fanout_leaf=16, nr_cpu_ids=4
Dec  5 09:59:44 truenas kernel: NR_IRQS: 524544, nr_irqs: 1024, preallocated irqs: 16
Dec  5 09:59:44 truenas kernel: rcu: srcu_init: Setting srcu_struct sizes based on contention.
Dec  5 09:59:44 truenas kernel: Console: colour dummy device 80x25
Dec  5 09:59:44 truenas kernel: printk: console [tty0] enabled
Dec  5 09:59:44 truenas kernel: ACPI: Core revision 20230628
Dec  5 09:59:44 truenas kernel: clocksource: hpet: mask: 0xffffffff max_cycles: 0xffffffff, max_idle_ns: 79635855245 ns
Dec  5 09:59:44 truenas kernel: APIC: Switch to symmetric I/O mode setup
Dec  5 09:59:44 truenas kernel: DMAR: Host address width 39
Dec  5 09:59:44 truenas kernel: DMAR: DRHD base: 0x000000fed90000 flags: 0x0
Dec  5 09:59:44 truenas kernel: DMAR: dmar0: reg_base_addr fed90000 ver 1:0 cap 1c0000c40660462 ecap 7e3ff0505e
Dec  5 09:59:44 truenas kernel: DMAR: DRHD base: 0x000000fed91000 flags: 0x1
Dec  5 09:59:44 truenas kernel: DMAR: dmar1: reg_base_addr fed91000 ver 1:0 cap d2008c40660462 ecap f050da
Dec  5 09:59:44 truenas kernel: DMAR: RMRR base: 0x000000ba06a000 end: 0x000000ba089fff
Dec  5 09:59:44 truenas kernel: DMAR: RMRR base: 0x000000bb800000 end: 0x000000bfffffff
Dec  5 09:59:44 truenas kernel: DMAR-IR: IOAPIC id 2 under DRHD base  0xfed91000 IOMMU 1
Dec  5 09:59:44 truenas kernel: DMAR-IR: HPET id 0 under DRHD base 0xfed91000
Dec  5 09:59:44 truenas kernel: DMAR-IR: Queued invalidation will be enabled to support x2apic and Intr-remapping.
Dec  5 09:59:44 truenas kernel: DMAR-IR: Enabled IRQ remapping in x2apic mode
Dec  5 09:59:44 truenas kernel: x2apic enabled
Dec  5 09:59:44 truenas kernel: APIC: Switched APIC routing to: cluster x2apic
Dec  5 09:59:44 truenas kernel: ..TIMER: vector=0x30 apic1=0 pin1=2 apic2=-1 pin2=-1
Dec  5 09:59:44 truenas kernel: clocksource: tsc-early: mask: 0xffffffffffffffff max_cycles: 0x2e2036ff8d5, max_idle_ns: 440795275316 ns
Dec  5 09:59:44 truenas kernel: Calibrating delay loop (skipped), value calculated using timer frequency.. 6399.96 BogoMIPS (lpj=12799920)
Dec  5 09:59:44 truenas kernel: CPU0: Thermal monitoring enabled (TM1)
Dec  5 09:59:44 truenas kernel: process: using mwait in idle threads
Dec  5 09:59:44 truenas kernel: Last level iTLB entries: 4KB 64, 2MB 8, 4MB 8
Dec  5 09:59:44 truenas kernel: Last level dTLB entries: 4KB 64, 2MB 0, 4MB 0, 1GB 4
Dec  5 09:59:44 truenas kernel: Spectre V1 : Mitigation: usercopy/swapgs barriers and __user pointer sanitization
Dec  5 09:59:44 truenas kernel: Spectre V2 : Mitigation: IBRS
Dec  5 09:59:44 truenas kernel: Spectre V2 : Spectre v2 / SpectreRSB mitigation: Filling RSB on context switch
Dec  5 09:59:44 truenas kernel: Spectre V2 : Spectre v2 / SpectreRSB : Filling RSB on VMEXIT
Dec  5 09:59:44 truenas kernel: RETBleed: Mitigation: IBRS
Dec  5 09:59:44 truenas kernel: Spectre V2 : mitigation: Enabling conditional Indirect Branch Prediction Barrier
Dec  5 09:59:44 truenas kernel: Spectre V2 : User space: Mitigation: STIBP via prctl
Dec  5 09:59:44 truenas kernel: Speculative Store Bypass: Mitigation: Speculative Store Bypass disabled via prctl
Dec  5 09:59:44 truenas kernel: MDS: Mitigation: Clear CPU buffers
Dec  5 09:59:44 truenas kernel: MMIO Stale Data: Mitigation: Clear CPU buffers
Dec  5 09:59:44 truenas kernel: SRBDS: Mitigation: Microcode
Dec  5 09:59:44 truenas kernel: GDS: Vulnerable: No microcode
Dec  5 09:59:44 truenas kernel: x86/fpu: Supporting XSAVE feature 0x001: 'x87 floating point registers'
Dec  5 09:59:44 truenas kernel: x86/fpu: Supporting XSAVE feature 0x002: 'SSE registers'
Dec  5 09:59:44 truenas kernel: x86/fpu: Supporting XSAVE feature 0x004: 'AVX registers'
Dec  5 09:59:44 truenas kernel: x86/fpu: Supporting XSAVE feature 0x008: 'MPX bounds registers'
Dec  5 09:59:44 truenas kernel: x86/fpu: Supporting XSAVE feature 0x010: 'MPX CSR'
Dec  5 09:59:44 truenas kernel: x86/fpu: xstate_offset[2]:  576, xstate_sizes[2]:  256
Dec  5 09:59:44 truenas kernel: x86/fpu: xstate_offset[3]:  832, xstate_sizes[3]:   64
Dec  5 09:59:44 truenas kernel: x86/fpu: xstate_offset[4]:  896, xstate_sizes[4]:   64
Dec  5 09:59:44 truenas kernel: x86/fpu: Enabled xstate features 0x1f, context size is 960 bytes, using 'compacted' format.
Dec  5 09:59:44 truenas kernel: Freeing SMP alternatives memory: 36K
Dec  5 09:59:44 truenas kernel: pid_max: default: 32768 minimum: 301
Dec  5 09:59:44 truenas kernel: LSM: initializing lsm=lockdown,capability,landlock,yama,apparmor,tomoyo,bpf,integrity
Dec  5 09:59:44 truenas kernel: landlock: Up and running.
Dec  5 09:59:44 truenas kernel: Yama: becoming mindful.
Dec  5 09:59:44 truenas kernel: AppArmor: AppArmor initialized
Dec  5 09:59:44 truenas kernel: TOMOYO Linux initialized
Dec  5 09:59:44 truenas kernel: LSM support for eBPF active
Dec  5 09:59:44 truenas kernel: Mount-cache hash table entries: 65536 (order: 7, 524288 bytes, linear)
Dec  5 09:59:44 truenas kernel: Mountpoint-cache hash table entries: 65536 (order: 7, 524288 bytes, linear)
Dec  5 09:59:44 truenas kernel: smpboot: CPU0: Intel(R) Core(TM) i3-6100T CPU @ 3.20GHz (family: 0x6, model: 0x5e, stepping: 0x3)
Dec  5 09:59:44 truenas kernel: RCU Tasks: Setting shift to 2 and lim to 1 rcu_task_cb_adjust=1.
Dec  5 09:59:44 truenas kernel: RCU Tasks Rude: Setting shift to 2 and lim to 1 rcu_task_cb_adjust=1.
Dec  5 09:59:44 truenas kernel: RCU Tasks Trace: Setting shift to 2 and lim to 1 rcu_task_cb_adjust=1.
Dec  5 09:59:44 truenas kernel: Performance Events: PEBS fmt3+, Skylake events, 32-deep LBR, full-width counters, Intel PMU driver.
Dec  5 09:59:44 truenas kernel: ... version:                4
Dec  5 09:59:44 truenas kernel: ... bit width:              48
Dec  5 09:59:44 truenas kernel: ... generic registers:      4
Dec  5 09:59:44 truenas kernel: ... value mask:             0000ffffffffffff
Dec  5 09:59:44 truenas kernel: ... max period:             00007fffffffffff
Dec  5 09:59:44 truenas kernel: ... fixed-purpose events:   3
Dec  5 09:59:44 truenas kernel: ... event mask:             000000070000000f
Dec  5 09:59:44 truenas kernel: signal: max sigframe size: 2032
Dec  5 09:59:44 truenas kernel: Estimated ratio of average max frequency by base frequency (times 1024): 1024
Dec  5 09:59:44 truenas kernel: rcu: Hierarchical SRCU implementation.
Dec  5 09:59:44 truenas kernel: rcu: 	Max phase no-delay instances is 1000.
Dec  5 09:59:44 truenas kernel: NMI watchdog: Enabled. Permanently consumes one hw-PMU counter.
Dec  5 09:59:44 truenas kernel: smp: Bringing up secondary CPUs ...
Dec  5 09:59:44 truenas kernel: smpboot: x86: Booting SMP configuration:
Dec  5 09:59:44 truenas kernel: .... node  #0, CPUs:      #1 #2 #3
Dec  5 09:59:44 truenas kernel: MDS CPU bug present and SMT on, data leak possible. See https://www.kernel.org/doc/html/latest/admin-guide/hw-vuln/mds.html for more details.
Dec  5 09:59:44 truenas kernel: MMIO Stale Data CPU bug present and SMT on, data leak possible. See https://www.kernel.org/doc/html/latest/admin-guide/hw-vuln/processor_mmio_stale_data.html for more details.
Dec  5 09:59:44 truenas kernel: smp: Brought up 1 node, 4 CPUs
Dec  5 09:59:44 truenas kernel: smpboot: Max logical packages: 1
Dec  5 09:59:44 truenas kernel: smpboot: Total of 4 processors activated (25599.84 BogoMIPS)
Dec  5 09:59:44 truenas kernel: node 0 deferred pages initialised in 68ms
Dec  5 09:59:44 truenas kernel: devtmpfs: initialized
Dec  5 09:59:44 truenas kernel: x86/mm: Memory block size: 128MB
Dec  5 09:59:44 truenas kernel: ACPI: PM: Registering ACPI NVS region [mem 0xb29bb000-0xb29bbfff] (4096 bytes)
Dec  5 09:59:44 truenas kernel: ACPI: PM: Registering ACPI NVS region [mem 0xba321000-0xba9cffff] (7008256 bytes)
Dec  5 09:59:44 truenas kernel: clocksource: jiffies: mask: 0xffffffff max_cycles: 0xffffffff, max_idle_ns: 7645041785100000 ns
Dec  5 09:59:44 truenas kernel: futex hash table entries: 1024 (order: 4, 65536 bytes, linear)
Dec  5 09:59:44 truenas kernel: pinctrl core: initialized pinctrl subsystem
Dec  5 09:59:44 truenas kernel: NET: Registered PF_NETLINK/PF_ROUTE protocol family
Dec  5 09:59:44 truenas kernel: DMA: preallocated 4096 KiB GFP_KERNEL pool for atomic allocations
Dec  5 09:59:44 truenas kernel: DMA: preallocated 4096 KiB GFP_KERNEL|GFP_DMA pool for atomic allocations
Dec  5 09:59:44 truenas kernel: DMA: preallocated 4096 KiB GFP_KERNEL|GFP_DMA32 pool for atomic allocations
Dec  5 09:59:44 truenas kernel: audit: initializing netlink subsys (disabled)
Dec  5 09:59:44 truenas kernel: audit: type=2000 audit(1733421563.124:1): state=initialized audit_enabled=0 res=1
Dec  5 09:59:44 truenas kernel: thermal_sys: Registered thermal governor 'fair_share'
Dec  5 09:59:44 truenas kernel: thermal_sys: Registered thermal governor 'bang_bang'
Dec  5 09:59:44 truenas kernel: thermal_sys: Registered thermal governor 'step_wise'
Dec  5 09:59:44 truenas kernel: thermal_sys: Registered thermal governor 'user_space'
Dec  5 09:59:44 truenas kernel: thermal_sys: Registered thermal governor 'power_allocator'
Dec  5 09:59:44 truenas kernel: cpuidle: using governor ladder
Dec  5 09:59:44 truenas kernel: cpuidle: using governor menu
Dec  5 09:59:44 truenas kernel: ACPI FADT declares the system doesn't support PCIe ASPM, so disable it
Dec  5 09:59:44 truenas kernel: acpiphp: ACPI Hot Plug PCI Controller Driver version: 0.5
Dec  5 09:59:44 truenas kernel: PCI: MMCONFIG for domain 0000 [bus 00-7f] at [mem 0xf0000000-0xf7ffffff] (base 0xf0000000)
Dec  5 09:59:44 truenas kernel: PCI: Using configuration type 1 for base access
Dec  5 09:59:44 truenas kernel: kprobes: kprobe jump-optimization is enabled. All kprobes are optimized if possible.
Dec  5 09:59:44 truenas kernel: HugeTLB: registered 1.00 GiB page size, pre-allocated 0 pages
Dec  5 09:59:44 truenas kernel: HugeTLB: 16380 KiB vmemmap can be freed for a 1.00 GiB page
Dec  5 09:59:44 truenas kernel: HugeTLB: registered 2.00 MiB page size, pre-allocated 0 pages
Dec  5 09:59:44 truenas kernel: HugeTLB: 28 KiB vmemmap can be freed for a 2.00 MiB page
Dec  5 09:59:44 truenas kernel: ACPI: Added _OSI(Module Device)
Dec  5 09:59:44 truenas kernel: ACPI: Added _OSI(Processor Device)
Dec  5 09:59:44 truenas kernel: ACPI: Added _OSI(3.0 _SCP Extensions)
Dec  5 09:59:44 truenas kernel: ACPI: Added _OSI(Processor Aggregator Device)
Dec  5 09:59:44 truenas kernel: ACPI: 8 ACPI AML tables successfully acquired and loaded
Dec  5 09:59:44 truenas kernel: ACPI: [Firmware Bug]: BIOS _OSI(Linux) query ignored
Dec  5 09:59:44 truenas kernel: ACPI: Dynamic OEM Table Load:
Dec  5 09:59:44 truenas kernel: ACPI: SSDT 0xFFFF91F410A7F000 0003FF (v02 PmRef  Cpu0Cst  00003001 INTL 20160422)
Dec  5 09:59:44 truenas kernel: ACPI: Dynamic OEM Table Load:
Dec  5 09:59:44 truenas kernel: ACPI: SSDT 0xFFFF91FB1EDC6800 0006D5 (v02 PmRef  Cpu0Ist  00003000 INTL 20160422)
Dec  5 09:59:44 truenas kernel: ACPI: Dynamic OEM Table Load:
Dec  5 09:59:44 truenas kernel: ACPI: SSDT 0xFFFF91FB1EDC4800 00065C (v02 PmRef  ApIst    00003000 INTL 20160422)
Dec  5 09:59:44 truenas kernel: ACPI: Dynamic OEM Table Load:
Dec  5 09:59:44 truenas kernel: ACPI: SSDT 0xFFFF91F410A8FA00 00018A (v02 PmRef  ApCst    00003000 INTL 20160422)
Dec  5 09:59:44 truenas kernel: ACPI: _OSC evaluated successfully for all CPUs
Dec  5 09:59:44 truenas kernel: ACPI: Interpreter enabled
Dec  5 09:59:44 truenas kernel: ACPI: PM: (supports S0 S3 S4 S5)
Dec  5 09:59:44 truenas kernel: ACPI: Using IOAPIC for interrupt routing
Dec  5 09:59:44 truenas kernel: PCI: Using host bridge windows from ACPI; if necessary, use "pci=nocrs" and report a bug
Dec  5 09:59:44 truenas kernel: PCI: Using E820 reservations for host bridge windows
Dec  5 09:59:44 truenas kernel: ACPI: Enabled 6 GPEs in block 00 to 7F
Dec  5 09:59:44 truenas kernel: ACPI: \_SB_.PCI0.PEG0.PG00: New power resource
Dec  5 09:59:44 truenas kernel: ACPI: \_SB_.PCI0.PEG1.PG01: New power resource
Dec  5 09:59:44 truenas kernel: ACPI: \_SB_.PCI0.PEG2.PG02: New power resource
Dec  5 09:59:44 truenas kernel: ACPI: \_SB_.PCI0.RP09.PXSX.WRST: New power resource
Dec  5 09:59:44 truenas kernel: ACPI: \_SB_.PCI0.RP10.PXSX.WRST: New power resource
Dec  5 09:59:44 truenas kernel: ACPI: \_SB_.PCI0.RP11.PXSX.WRST: New power resource
Dec  5 09:59:44 truenas kernel: ACPI: \_SB_.PCI0.RP12.PXSX.WRST: New power resource
Dec  5 09:59:44 truenas kernel: ACPI: \_SB_.PCI0.RP13.PXSX.WRST: New power resource
Dec  5 09:59:44 truenas kernel: ACPI: \_SB_.PCI0.RP01.PXSX.WRST: New power resource
Dec  5 09:59:44 truenas kernel: ACPI: \_SB_.PCI0.RP02.PXSX.WRST: New power resource
Dec  5 09:59:44 truenas kernel: ACPI: \_SB_.PCI0.RP03.PXSX.WRST: New power resource
Dec  5 09:59:44 truenas kernel: ACPI: \_SB_.PCI0.RP04.PXSX.WRST: New power resource
Dec  5 09:59:44 truenas kernel: ACPI: \_SB_.PCI0.RP05.PXSX.WRST: New power resource
Dec  5 09:59:44 truenas kernel: ACPI: \_SB_.PCI0.RP06.PXSX.WRST: New power resource
Dec  5 09:59:44 truenas kernel: ACPI: \_SB_.PCI0.RP07.PXSX.WRST: New power resource
Dec  5 09:59:44 truenas kernel: ACPI: \_SB_.PCI0.RP08.PXSX.WRST: New power resource
Dec  5 09:59:44 truenas kernel: ACPI: \_SB_.PCI0.RP17.PXSX.WRST: New power resource
Dec  5 09:59:44 truenas kernel: ACPI: \_SB_.PCI0.RP18.PXSX.WRST: New power resource
Dec  5 09:59:44 truenas kernel: ACPI: \_SB_.PCI0.RP19.PXSX.WRST: New power resource
Dec  5 09:59:44 truenas kernel: ACPI: \_SB_.PCI0.RP20.PXSX.WRST: New power resource
Dec  5 09:59:44 truenas kernel: ACPI: \_SB_.PCI0.RP14.PXSX.WRST: New power resource
Dec  5 09:59:44 truenas kernel: ACPI: \_SB_.PCI0.RP15.PXSX.WRST: New power resource
Dec  5 09:59:44 truenas kernel: ACPI: \_SB_.PCI0.RP16.PXSX.WRST: New power resource
Dec  5 09:59:44 truenas kernel: ACPI: \_TZ_.FN00: New power resource
Dec  5 09:59:44 truenas kernel: ACPI: \_TZ_.FN01: New power resource
Dec  5 09:59:44 truenas kernel: ACPI: \_TZ_.FN02: New power resource
Dec  5 09:59:44 truenas kernel: ACPI: \_TZ_.FN03: New power resource
Dec  5 09:59:44 truenas kernel: ACPI: \_TZ_.FN04: New power resource
Dec  5 09:59:44 truenas kernel: ACPI: PCI Root Bridge [PCI0] (domain 0000 [bus 00-7e])
Dec  5 09:59:44 truenas kernel: acpi PNP0A08:00: _OSC: OS supports [ExtendedConfig ASPM ClockPM Segments MSI HPX-Type3]
Dec  5 09:59:44 truenas kernel: acpi PNP0A08:00: _OSC: OS requested [PCIeHotplug SHPCHotplug PME AER PCIeCapability LTR]
Dec  5 09:59:44 truenas kernel: acpi PNP0A08:00: _OSC: platform willing to grant [PCIeHotplug SHPCHotplug PME AER PCIeCapability LTR]
Dec  5 09:59:44 truenas kernel: acpi PNP0A08:00: _OSC: platform retains control of PCIe features (AE_ERROR)
Dec  5 09:59:44 truenas kernel: PCI host bridge to bus 0000:00
Dec  5 09:59:44 truenas kernel: pci_bus 0000:00: root bus resource [io  0x0000-0x0cf7 window]
Dec  5 09:59:44 truenas kernel: pci_bus 0000:00: root bus resource [io  0x0d00-0xffff window]
Dec  5 09:59:44 truenas kernel: pci_bus 0000:00: root bus resource [mem 0x000a0000-0x000bffff window]
Dec  5 09:59:44 truenas kernel: pci_bus 0000:00: root bus resource [mem 0xc0000000-0xefffffff window]
Dec  5 09:59:44 truenas kernel: pci_bus 0000:00: root bus resource [mem 0xfd000000-0xfe7fffff window]
Dec  5 09:59:44 truenas kernel: pci_bus 0000:00: root bus resource [bus 00-7e]
Dec  5 09:59:44 truenas kernel: pci 0000:00:00.0: [8086:190f] type 00 class 0x060000
Dec  5 09:59:44 truenas kernel: pci 0000:00:02.0: [8086:1912] type 00 class 0x030000
Dec  5 09:59:44 truenas kernel: pci 0000:00:02.0: reg 0x10: [mem 0xee000000-0xeeffffff 64bit]
Dec  5 09:59:44 truenas kernel: pci 0000:00:02.0: reg 0x18: [mem 0xd0000000-0xdfffffff 64bit pref]
Dec  5 09:59:44 truenas kernel: pci 0000:00:02.0: reg 0x20: [io  0xf000-0xf03f]
Dec  5 09:59:44 truenas kernel: pci 0000:00:02.0: BAR 2: assigned to efifb
Dec  5 09:59:44 truenas kernel: pci 0000:00:02.0: Video device with shadowed ROM at [mem 0x000c0000-0x000dffff]
Dec  5 09:59:44 truenas kernel: pci 0000:00:14.0: [8086:a12f] type 00 class 0x0c0330
Dec  5 09:59:44 truenas kernel: pci 0000:00:14.0: reg 0x10: [mem 0xef230000-0xef23ffff 64bit]
Dec  5 09:59:44 truenas kernel: pci 0000:00:14.0: PME# supported from D3hot D3cold
Dec  5 09:59:44 truenas kernel: pci 0000:00:16.0: [8086:a13a] type 00 class 0x078000
Dec  5 09:59:44 truenas kernel: pci 0000:00:16.0: reg 0x10: [mem 0xef24d000-0xef24dfff 64bit]
Dec  5 09:59:44 truenas kernel: pci 0000:00:16.0: PME# supported from D3hot
Dec  5 09:59:44 truenas kernel: pci 0000:00:17.0: [8086:a102] type 00 class 0x010601
Dec  5 09:59:44 truenas kernel: pci 0000:00:17.0: reg 0x10: [mem 0xef248000-0xef249fff]
Dec  5 09:59:44 truenas kernel: pci 0000:00:17.0: reg 0x14: [mem 0xef24c000-0xef24c0ff]
Dec  5 09:59:44 truenas kernel: pci 0000:00:17.0: reg 0x18: [io  0xf090-0xf097]
Dec  5 09:59:44 truenas kernel: pci 0000:00:17.0: reg 0x1c: [io  0xf080-0xf083]
Dec  5 09:59:44 truenas kernel: pci 0000:00:17.0: reg 0x20: [io  0xf060-0xf07f]
Dec  5 09:59:44 truenas kernel: pci 0000:00:17.0: reg 0x24: [mem 0xef24b000-0xef24b7ff]
Dec  5 09:59:44 truenas kernel: pci 0000:00:17.0: PME# supported from D3hot
Dec  5 09:59:44 truenas kernel: pci 0000:00:1b.0: [8086:a167] type 01 class 0x060400
Dec  5 09:59:44 truenas kernel: pci 0000:00:1b.0: PME# supported from D0 D3hot D3cold
Dec  5 09:59:44 truenas kernel: pci 0000:00:1b.2: [8086:a169] type 01 class 0x060400
Dec  5 09:59:44 truenas kernel: pci 0000:00:1b.2: PME# supported from D0 D3hot D3cold
Dec  5 09:59:44 truenas kernel: pci 0000:00:1b.2: Intel SPT PCH root port ACS workaround enabled
Dec  5 09:59:44 truenas kernel: pci 0000:00:1b.3: [8086:a16a] type 01 class 0x060400
Dec  5 09:59:44 truenas kernel: pci 0000:00:1b.3: PME# supported from D0 D3hot D3cold
Dec  5 09:59:44 truenas kernel: pci 0000:00:1b.3: Intel SPT PCH root port ACS workaround enabled
Dec  5 09:59:44 truenas kernel: pci 0000:00:1c.0: [8086:a110] type 01 class 0x060400
Dec  5 09:59:44 truenas kernel: pci 0000:00:1c.0: PME# supported from D0 D3hot D3cold
Dec  5 09:59:44 truenas kernel: pci 0000:00:1c.2: [8086:a112] type 01 class 0x060400
Dec  5 09:59:44 truenas kernel: pci 0000:00:1c.2: PME# supported from D0 D3hot D3cold
Dec  5 09:59:44 truenas kernel: pci 0000:00:1c.2: Intel SPT PCH root port ACS workaround enabled
Dec  5 09:59:44 truenas kernel: pci 0000:00:1c.4: [8086:a114] type 01 class 0x060400
Dec  5 09:59:44 truenas kernel: pci 0000:00:1c.4: PME# supported from D0 D3hot D3cold
Dec  5 09:59:44 truenas kernel: pci 0000:00:1c.4: Intel SPT PCH root port ACS workaround enabled
Dec  5 09:59:44 truenas kernel: pci 0000:00:1c.5: [8086:a115] type 01 class 0x060400
Dec  5 09:59:44 truenas kernel: pci 0000:00:1c.5: PME# supported from D0 D3hot D3cold
Dec  5 09:59:44 truenas kernel: pci 0000:00:1c.5: Intel SPT PCH root port ACS workaround enabled
Dec  5 09:59:44 truenas kernel: pci 0000:00:1c.6: [8086:a116] type 01 class 0x060400
Dec  5 09:59:44 truenas kernel: pci 0000:00:1c.6: PME# supported from D0 D3hot D3cold
Dec  5 09:59:44 truenas kernel: pci 0000:00:1c.6: Intel SPT PCH root port ACS workaround enabled
Dec  5 09:59:44 truenas kernel: pci 0000:00:1c.7: [8086:a117] type 01 class 0x060400
Dec  5 09:59:44 truenas kernel: pci 0000:00:1c.7: PME# supported from D0 D3hot D3cold
Dec  5 09:59:44 truenas kernel: pci 0000:00:1c.7: Intel SPT PCH root port ACS workaround enabled
Dec  5 09:59:44 truenas kernel: pci 0000:00:1d.0: [8086:a118] type 01 class 0x060400
Dec  5 09:59:44 truenas kernel: pci 0000:00:1d.0: PME# supported from D0 D3hot D3cold
Dec  5 09:59:44 truenas kernel: pci 0000:00:1d.0: Intel SPT PCH root port ACS workaround enabled
Dec  5 09:59:44 truenas kernel: pci 0000:00:1f.0: [8086:a145] type 00 class 0x060100
Dec  5 09:59:44 truenas kernel: pci 0000:00:1f.2: [8086:a121] type 00 class 0x058000
Dec  5 09:59:44 truenas kernel: pci 0000:00:1f.2: reg 0x10: [mem 0xef244000-0xef247fff]
Dec  5 09:59:44 truenas kernel: pci 0000:00:1f.3: [8086:a170] type 00 class 0x040300
Dec  5 09:59:44 truenas kernel: pci 0000:00:1f.3: reg 0x10: [mem 0xef240000-0xef243fff 64bit]
Dec  5 09:59:44 truenas kernel: pci 0000:00:1f.3: reg 0x20: [mem 0xef220000-0xef22ffff 64bit]
Dec  5 09:59:44 truenas kernel: pci 0000:00:1f.3: PME# supported from D3hot D3cold
Dec  5 09:59:44 truenas kernel: pci 0000:00:1f.4: [8086:a123] type 00 class 0x0c0500
Dec  5 09:59:44 truenas kernel: pci 0000:00:1f.4: reg 0x10: [mem 0xef24a000-0xef24a0ff 64bit]
Dec  5 09:59:44 truenas kernel: pci 0000:00:1f.4: reg 0x20: [io  0xf040-0xf05f]
Dec  5 09:59:44 truenas kernel: pci 0000:00:1f.6: [8086:15b8] type 00 class 0x020000
Dec  5 09:59:44 truenas kernel: pci 0000:00:1f.6: reg 0x10: [mem 0xef200000-0xef21ffff]
Dec  5 09:59:44 truenas kernel: pci 0000:00:1f.6: PME# supported from D0 D3hot D3cold
Dec  5 09:59:44 truenas kernel: pci 0000:00:1b.0: PCI bridge to [bus 01]
Dec  5 09:59:44 truenas kernel: pci 0000:00:1b.2: PCI bridge to [bus 02]
Dec  5 09:59:44 truenas kernel: pci 0000:00:1b.3: PCI bridge to [bus 03]
Dec  5 09:59:44 truenas kernel: pci 0000:00:1c.0: PCI bridge to [bus 04]
Dec  5 09:59:44 truenas kernel: pci 0000:00:1c.2: PCI bridge to [bus 05]
Dec  5 09:59:44 truenas kernel: pci 0000:06:00.0: [8086:1539] type 00 class 0x020000
Dec  5 09:59:44 truenas kernel: pci 0000:06:00.0: reg 0x10: [mem 0xef100000-0xef11ffff]
Dec  5 09:59:44 truenas kernel: pci 0000:06:00.0: reg 0x18: [io  0xe000-0xe01f]
Dec  5 09:59:44 truenas kernel: pci 0000:06:00.0: reg 0x1c: [mem 0xef120000-0xef123fff]
Dec  5 09:59:44 truenas kernel: pci 0000:06:00.0: PME# supported from D0 D3hot D3cold
Dec  5 09:59:44 truenas kernel: pci 0000:00:1c.4: PCI bridge to [bus 06]
Dec  5 09:59:44 truenas kernel: pci 0000:00:1c.4:   bridge window [io  0xe000-0xefff]
Dec  5 09:59:44 truenas kernel: pci 0000:00:1c.4:   bridge window [mem 0xef100000-0xef1fffff]
Dec  5 09:59:44 truenas kernel: pci 0000:07:00.0: [8086:24f3] type 00 class 0x028000
Dec  5 09:59:44 truenas kernel: pci 0000:07:00.0: reg 0x10: [mem 0xef000000-0xef001fff 64bit]
Dec  5 09:59:44 truenas kernel: pci 0000:07:00.0: PME# supported from D0 D3hot D3cold
Dec  5 09:59:44 truenas kernel: pci 0000:00:1c.5: PCI bridge to [bus 07]
Dec  5 09:59:44 truenas kernel: pci 0000:00:1c.5:   bridge window [mem 0xef000000-0xef0fffff]
Dec  5 09:59:44 truenas kernel: pci 0000:00:1c.6: PCI bridge to [bus 08]
Dec  5 09:59:44 truenas kernel: pci 0000:00:1c.7: PCI bridge to [bus 09]
Dec  5 09:59:44 truenas kernel: pci 0000:00:1d.0: PCI bridge to [bus 0a]
Dec  5 09:59:44 truenas kernel: ACPI: PCI: Interrupt link LNKA configured for IRQ 11
Dec  5 09:59:44 truenas kernel: ACPI: PCI: Interrupt link LNKB configured for IRQ 10
Dec  5 09:59:44 truenas kernel: ACPI: PCI: Interrupt link LNKC configured for IRQ 11
Dec  5 09:59:44 truenas kernel: ACPI: PCI: Interrupt link LNKD configured for IRQ 11
Dec  5 09:59:44 truenas kernel: ACPI: PCI: Interrupt link LNKE configured for IRQ 11
Dec  5 09:59:44 truenas kernel: ACPI: PCI: Interrupt link LNKF configured for IRQ 11
Dec  5 09:59:44 truenas kernel: ACPI: PCI: Interrupt link LNKG configured for IRQ 11
Dec  5 09:59:44 truenas kernel: ACPI: PCI: Interrupt link LNKH configured for IRQ 11
Dec  5 09:59:44 truenas kernel: iommu: Default domain type: Passthrough (set via kernel command line)
Dec  5 09:59:44 truenas kernel: pps_core: LinuxPPS API ver. 1 registered
Dec  5 09:59:44 truenas kernel: pps_core: Software ver. 5.3.6 - Copyright 2005-2007 Rodolfo Giometti <giometti@linux.it>
Dec  5 09:59:44 truenas kernel: PTP clock support registered
Dec  5 09:59:44 truenas kernel: EDAC MC: Ver: 3.0.0
Dec  5 09:59:44 truenas kernel: efivars: Registered efivars operations
Dec  5 09:59:44 truenas kernel: NetLabel: Initializing
Dec  5 09:59:44 truenas kernel: NetLabel:  domain hash size = 128
Dec  5 09:59:44 truenas kernel: NetLabel:  protocols = UNLABELED CIPSOv4 CALIPSO
Dec  5 09:59:44 truenas kernel: NetLabel:  unlabeled traffic allowed by default
Dec  5 09:59:44 truenas kernel: PCI: Using ACPI for IRQ routing
Dec  5 09:59:44 truenas kernel: pci 0000:00:02.0: vgaarb: setting as boot VGA device
Dec  5 09:59:44 truenas kernel: pci 0000:00:02.0: vgaarb: bridge control possible
Dec  5 09:59:44 truenas kernel: pci 0000:00:02.0: vgaarb: VGA device added: decodes=io+mem,owns=io+mem,locks=none
Dec  5 09:59:44 truenas kernel: vgaarb: loaded
Dec  5 09:59:44 truenas kernel: hpet0: at MMIO 0xfed00000, IRQs 2, 8, 0, 0, 0, 0, 0, 0
Dec  5 09:59:44 truenas kernel: hpet0: 8 comparators, 64-bit 24.000000 MHz counter
Dec  5 09:59:44 truenas kernel: clocksource: Switched to clocksource tsc-early
Dec  5 09:59:44 truenas kernel: VFS: Disk quotas dquot_6.6.0
Dec  5 09:59:44 truenas kernel: VFS: Dquot-cache hash table entries: 512 (order 0, 4096 bytes)
Dec  5 09:59:44 truenas kernel: AppArmor: AppArmor Filesystem Enabled
Dec  5 09:59:44 truenas kernel: pnp: PnP ACPI init
Dec  5 09:59:44 truenas kernel: system 00:00: [io  0x0a00-0x0a2f] has been reserved
Dec  5 09:59:44 truenas kernel: system 00:00: [io  0x0a30-0x0a3f] has been reserved
Dec  5 09:59:44 truenas kernel: system 00:00: [io  0x0a40-0x0a4f] has been reserved
Dec  5 09:59:44 truenas kernel: system 00:01: [io  0x0680-0x069f] has been reserved
Dec  5 09:59:44 truenas kernel: system 00:01: [io  0xffff] has been reserved
Dec  5 09:59:44 truenas kernel: system 00:01: [io  0xffff] has been reserved
Dec  5 09:59:44 truenas kernel: system 00:01: [io  0xffff] has been reserved
Dec  5 09:59:44 truenas kernel: system 00:01: [io  0x1800-0x18fe] has been reserved
Dec  5 09:59:44 truenas kernel: system 00:01: [io  0x164e-0x164f] has been reserved
Dec  5 09:59:44 truenas kernel: system 00:02: [io  0x0800-0x087f] has been reserved
Dec  5 09:59:44 truenas kernel: system 00:04: [io  0x1854-0x1857] has been reserved
Dec  5 09:59:44 truenas kernel: system 00:05: [mem 0xfed10000-0xfed17fff] has been reserved
Dec  5 09:59:44 truenas kernel: system 00:05: [mem 0xfed18000-0xfed18fff] has been reserved
Dec  5 09:59:44 truenas kernel: system 00:05: [mem 0xfed19000-0xfed19fff] has been reserved
Dec  5 09:59:44 truenas kernel: system 00:05: [mem 0xf0000000-0xf7ffffff] has been reserved
Dec  5 09:59:44 truenas kernel: system 00:05: [mem 0xfed20000-0xfed3ffff] has been reserved
Dec  5 09:59:44 truenas kernel: system 00:05: [mem 0xfed90000-0xfed93fff] could not be reserved
Dec  5 09:59:44 truenas kernel: system 00:05: [mem 0xfed45000-0xfed8ffff] has been reserved
Dec  5 09:59:44 truenas kernel: system 00:05: [mem 0xff000000-0xffffffff] has been reserved
Dec  5 09:59:44 truenas kernel: system 00:05: [mem 0xfee00000-0xfeefffff] could not be reserved
Dec  5 09:59:44 truenas kernel: system 00:05: [mem 0xeffe0000-0xefffffff] has been reserved
Dec  5 09:59:44 truenas kernel: system 00:06: [mem 0xfd000000-0xfdabffff] has been reserved
Dec  5 09:59:44 truenas kernel: system 00:06: [mem 0xfdad0000-0xfdadffff] has been reserved
Dec  5 09:59:44 truenas kernel: system 00:06: [mem 0xfdb00000-0xfdffffff] has been reserved
Dec  5 09:59:44 truenas kernel: system 00:06: [mem 0xfe000000-0xfe01ffff] could not be reserved
Dec  5 09:59:44 truenas kernel: system 00:06: [mem 0xfe036000-0xfe03bfff] has been reserved
Dec  5 09:59:44 truenas kernel: system 00:06: [mem 0xfe03d000-0xfe3fffff] has been reserved
Dec  5 09:59:44 truenas kernel: system 00:06: [mem 0xfe410000-0xfe7fffff] has been reserved
Dec  5 09:59:44 truenas kernel: system 00:07: [io  0xff00-0xfffe] has been reserved
Dec  5 09:59:44 truenas kernel: system 00:08: [mem 0xfdaf0000-0xfdafffff] has been reserved
Dec  5 09:59:44 truenas kernel: system 00:08: [mem 0xfdae0000-0xfdaeffff] has been reserved
Dec  5 09:59:44 truenas kernel: system 00:08: [mem 0xfdac0000-0xfdacffff] has been reserved
Dec  5 09:59:44 truenas kernel: pnp: PnP ACPI: found 9 devices
Dec  5 09:59:44 truenas kernel: clocksource: acpi_pm: mask: 0xffffff max_cycles: 0xffffff, max_idle_ns: 2085701024 ns
Dec  5 09:59:44 truenas kernel: NET: Registered PF_INET protocol family
Dec  5 09:59:44 truenas kernel: IP idents hash table entries: 262144 (order: 9, 2097152 bytes, linear)
Dec  5 09:59:44 truenas kernel: tcp_listen_portaddr_hash hash table entries: 16384 (order: 6, 262144 bytes, linear)
Dec  5 09:59:44 truenas kernel: Table-perturb hash table entries: 65536 (order: 6, 262144 bytes, linear)
Dec  5 09:59:44 truenas kernel: TCP established hash table entries: 262144 (order: 9, 2097152 bytes, linear)
Dec  5 09:59:44 truenas kernel: TCP bind hash table entries: 65536 (order: 9, 2097152 bytes, linear)
Dec  5 09:59:44 truenas kernel: TCP: Hash tables configured (established 262144 bind 65536)
Dec  5 09:59:44 truenas kernel: MPTCP token hash table entries: 32768 (order: 7, 786432 bytes, linear)
Dec  5 09:59:44 truenas kernel: UDP hash table entries: 16384 (order: 7, 524288 bytes, linear)
Dec  5 09:59:44 truenas kernel: UDP-Lite hash table entries: 16384 (order: 7, 524288 bytes, linear)
Dec  5 09:59:44 truenas kernel: NET: Registered PF_UNIX/PF_LOCAL protocol family
Dec  5 09:59:44 truenas kernel: NET: Registered PF_XDP protocol family
Dec  5 09:59:44 truenas kernel: pci 0000:00:1b.0: PCI bridge to [bus 01]
Dec  5 09:59:44 truenas kernel: pci 0000:00:1b.2: PCI bridge to [bus 02]
Dec  5 09:59:44 truenas kernel: pci 0000:00:1b.3: PCI bridge to [bus 03]
Dec  5 09:59:44 truenas kernel: pci 0000:00:1c.0: PCI bridge to [bus 04]
Dec  5 09:59:44 truenas kernel: pci 0000:00:1c.2: PCI bridge to [bus 05]
Dec  5 09:59:44 truenas kernel: pci 0000:00:1c.4: PCI bridge to [bus 06]
Dec  5 09:59:44 truenas kernel: pci 0000:00:1c.4:   bridge window [io  0xe000-0xefff]
Dec  5 09:59:44 truenas kernel: pci 0000:00:1c.4:   bridge window [mem 0xef100000-0xef1fffff]
Dec  5 09:59:44 truenas kernel: pci 0000:00:1c.5: PCI bridge to [bus 07]
Dec  5 09:59:44 truenas kernel: pci 0000:00:1c.5:   bridge window [mem 0xef000000-0xef0fffff]
Dec  5 09:59:44 truenas kernel: pci 0000:00:1c.6: PCI bridge to [bus 08]
Dec  5 09:59:44 truenas kernel: pci 0000:00:1c.7: PCI bridge to [bus 09]
Dec  5 09:59:44 truenas kernel: pci 0000:00:1d.0: PCI bridge to [bus 0a]
Dec  5 09:59:44 truenas kernel: pci_bus 0000:00: resource 4 [io  0x0000-0x0cf7 window]
Dec  5 09:59:44 truenas kernel: pci_bus 0000:00: resource 5 [io  0x0d00-0xffff window]
Dec  5 09:59:44 truenas kernel: pci_bus 0000:00: resource 6 [mem 0x000a0000-0x000bffff window]
Dec  5 09:59:44 truenas kernel: pci_bus 0000:00: resource 7 [mem 0xc0000000-0xefffffff window]
Dec  5 09:59:44 truenas kernel: pci_bus 0000:00: resource 8 [mem 0xfd000000-0xfe7fffff window]
Dec  5 09:59:44 truenas kernel: pci_bus 0000:06: resource 0 [io  0xe000-0xefff]
Dec  5 09:59:44 truenas kernel: pci_bus 0000:06: resource 1 [mem 0xef100000-0xef1fffff]
Dec  5 09:59:44 truenas kernel: pci_bus 0000:07: resource 1 [mem 0xef000000-0xef0fffff]
Dec  5 09:59:44 truenas kernel: PCI: CLS 64 bytes, default 64
Dec  5 09:59:44 truenas kernel: pci 0000:00:1f.1: [8086:a120] type 00 class 0x058000
Dec  5 09:59:44 truenas kernel: pci 0000:00:1f.1: reg 0x10: [mem 0xfd000000-0xfdffffff 64bit]
Dec  5 09:59:44 truenas kernel: DMAR: No ATSR found
Dec  5 09:59:44 truenas kernel: DMAR: No SATC found
Dec  5 09:59:44 truenas kernel: DMAR: IOMMU feature fl1gp_support inconsistent
Dec  5 09:59:44 truenas kernel: DMAR: IOMMU feature pgsel_inv inconsistent
Dec  5 09:59:44 truenas kernel: DMAR: IOMMU feature nwfs inconsistent
Dec  5 09:59:44 truenas kernel: DMAR: IOMMU feature eafs inconsistent
Dec  5 09:59:44 truenas kernel: DMAR: IOMMU feature prs inconsistent
Dec  5 09:59:44 truenas kernel: DMAR: IOMMU feature nest inconsistent
Dec  5 09:59:44 truenas kernel: DMAR: IOMMU feature mts inconsistent
Dec  5 09:59:44 truenas kernel: DMAR: IOMMU feature sc_support inconsistent
Dec  5 09:59:44 truenas kernel: DMAR: IOMMU feature dev_iotlb_support inconsistent
Dec  5 09:59:44 truenas kernel: DMAR: dmar0: Using Queued invalidation
Dec  5 09:59:44 truenas kernel: DMAR: dmar1: Using Queued invalidation
Dec  5 09:59:44 truenas kernel: Trying to unpack rootfs image as initramfs...
Dec  5 09:59:44 truenas kernel: pci 0000:00:02.0: Adding to iommu group 0
Dec  5 09:59:44 truenas kernel: pci 0000:00:00.0: Adding to iommu group 1
Dec  5 09:59:44 truenas kernel: pci 0000:00:14.0: Adding to iommu group 2
Dec  5 09:59:44 truenas kernel: pci 0000:00:16.0: Adding to iommu group 3
Dec  5 09:59:44 truenas kernel: pci 0000:00:17.0: Adding to iommu group 4
Dec  5 09:59:44 truenas kernel: pci 0000:00:1b.0: Adding to iommu group 5
Dec  5 09:59:44 truenas kernel: pci 0000:00:1b.2: Adding to iommu group 6
Dec  5 09:59:44 truenas kernel: pci 0000:00:1b.3: Adding to iommu group 7
Dec  5 09:59:44 truenas kernel: pci 0000:00:1c.0: Adding to iommu group 8
Dec  5 09:59:44 truenas kernel: pci 0000:00:1c.2: Adding to iommu group 9
Dec  5 09:59:44 truenas kernel: pci 0000:00:1c.4: Adding to iommu group 10
Dec  5 09:59:44 truenas kernel: pci 0000:00:1c.5: Adding to iommu group 11
Dec  5 09:59:44 truenas kernel: pci 0000:00:1c.6: Adding to iommu group 12
Dec  5 09:59:44 truenas kernel: pci 0000:00:1c.7: Adding to iommu group 13
Dec  5 09:59:44 truenas kernel: pci 0000:00:1d.0: Adding to iommu group 14
Dec  5 09:59:44 truenas kernel: pci 0000:00:1f.0: Adding to iommu group 15
Dec  5 09:59:44 truenas kernel: pci 0000:00:1f.2: Adding to iommu group 15
Dec  5 09:59:44 truenas kernel: pci 0000:00:1f.3: Adding to iommu group 15
Dec  5 09:59:44 truenas kernel: pci 0000:00:1f.4: Adding to iommu group 15
Dec  5 09:59:44 truenas kernel: pci 0000:00:1f.6: Adding to iommu group 16
Dec  5 09:59:44 truenas kernel: pci 0000:06:00.0: Adding to iommu group 17
Dec  5 09:59:44 truenas kernel: pci 0000:07:00.0: Adding to iommu group 18
Dec  5 09:59:44 truenas kernel: DMAR: Intel(R) Virtualization Technology for Directed I/O
Dec  5 09:59:44 truenas kernel: PCI-DMA: Using software bounce buffering for IO (SWIOTLB)
Dec  5 09:59:44 truenas kernel: software IO TLB: mapped [mem 0x00000000ad525000-0x00000000b1525000] (64MB)
Dec  5 09:59:44 truenas kernel: Initialise system trusted keyrings
Dec  5 09:59:44 truenas kernel: Key type blacklist registered
Dec  5 09:59:44 truenas kernel: workingset: timestamp_bits=36 max_order=23 bucket_order=0
Dec  5 09:59:44 truenas kernel: zbud: loaded
Dec  5 09:59:44 truenas kernel: fuse: init (API version 7.39)
Dec  5 09:59:44 truenas kernel: integrity: Platform Keyring initialized
Dec  5 09:59:44 truenas kernel: integrity: Machine keyring initialized
Dec  5 09:59:44 truenas kernel: Key type asymmetric registered
Dec  5 09:59:44 truenas kernel: Asymmetric key parser 'x509' registered
Dec  5 09:59:44 truenas kernel: Freeing initrd memory: 72808K
Dec  5 09:59:44 truenas kernel: Block layer SCSI generic (bsg) driver version 0.4 loaded (major 247)
Dec  5 09:59:44 truenas kernel: io scheduler mq-deadline registered
Dec  5 09:59:44 truenas kernel: shpchp: Standard Hot Plug PCI Controller Driver version: 0.4
Dec  5 09:59:44 truenas kernel: thermal LNXTHERM:00: registered as thermal_zone0
Dec  5 09:59:44 truenas kernel: ACPI: thermal: Thermal Zone [TZ00] (28 C)
Dec  5 09:59:44 truenas kernel: thermal LNXTHERM:01: registered as thermal_zone1
Dec  5 09:59:44 truenas kernel: ACPI: thermal: Thermal Zone [TZ01] (30 C)
Dec  5 09:59:44 truenas kernel: Serial: 8250/16550 driver, 4 ports, IRQ sharing enabled
Dec  5 09:59:44 truenas kernel: Linux agpgart interface v0.103
Dec  5 09:59:44 truenas kernel: AMD-Vi: AMD IOMMUv2 functionality not available on this system - This is not a bug.
Dec  5 09:59:44 truenas kernel: SPI driver spidev has no spi_device_id for rohm,bh2228fv
Dec  5 09:59:44 truenas kernel: i8042: PNP: No PS/2 controller found.
Dec  5 09:59:44 truenas kernel: mousedev: PS/2 mouse device common for all mice
Dec  5 09:59:44 truenas kernel: rtc_cmos 00:03: RTC can wake from S4
Dec  5 09:59:44 truenas kernel: rtc_cmos 00:03: registered as rtc0
Dec  5 09:59:44 truenas kernel: rtc_cmos 00:03: setting system clock to 2024-12-05T17:59:24 UTC (1733421564)
Dec  5 09:59:44 truenas kernel: rtc_cmos 00:03: alarms up to one month, y3k, 242 bytes nvram
Dec  5 09:59:44 truenas kernel: intel_pstate: Intel P-state driver initializing
Dec  5 09:59:44 truenas kernel: intel_pstate: HWP enabled
Dec  5 09:59:44 truenas kernel: ledtrig-cpu: registered to indicate activity on CPUs
Dec  5 09:59:44 truenas kernel: efifb: probing for efifb
Dec  5 09:59:44 truenas kernel: efifb: framebuffer at 0xd0000000, using 3072k, total 3072k
Dec  5 09:59:44 truenas kernel: efifb: mode is 1024x768x32, linelength=4096, pages=1
Dec  5 09:59:44 truenas kernel: efifb: scrolling: redraw
Dec  5 09:59:44 truenas kernel: efifb: Truecolor: size=8:8:8:8, shift=24:16:8:0
Dec  5 09:59:44 truenas kernel: Console: switching to colour frame buffer device 128x48
Dec  5 09:59:44 truenas kernel: fb0: EFI VGA frame buffer device
Dec  5 09:59:44 truenas kernel: NET: Registered PF_INET6 protocol family
Dec  5 09:59:44 truenas kernel: Segment Routing with IPv6
Dec  5 09:59:44 truenas kernel: In-situ OAM (IOAM) with IPv6
Dec  5 09:59:44 truenas kernel: mip6: Mobile IPv6
Dec  5 09:59:44 truenas kernel: NET: Registered PF_PACKET protocol family
Dec  5 09:59:44 truenas kernel: mpls_gso: MPLS GSO support
Dec  5 09:59:44 truenas kernel: microcode: Microcode Update Driver: v2.2.
Dec  5 09:59:44 truenas kernel: IPI shorthand broadcast: enabled
Dec  5 09:59:44 truenas kernel: sched_clock: Marking stable (762902625, 294420)->(769504603, -6307558)
Dec  5 09:59:44 truenas kernel: registered taskstats version 1
Dec  5 09:59:44 truenas kernel: Loading compiled-in X.509 certificates
Dec  5 09:59:44 truenas kernel: Loaded X.509 cert 'Debian Secure Boot CA: 6ccece7e4c6c0d1f6149f3dd27dfcc5cbb419ea1'
Dec  5 09:59:44 truenas kernel: Loaded X.509 cert 'Debian Secure Boot Signer 2020: 00b55eb3b9'
Dec  5 09:59:44 truenas kernel: Key type .fscrypt registered
Dec  5 09:59:44 truenas kernel: Key type fscrypt-provisioning registered
Dec  5 09:59:44 truenas kernel: Key type encrypted registered
Dec  5 09:59:44 truenas kernel: AppArmor: AppArmor sha1 policy hashing enabled
Dec  5 09:59:44 truenas kernel: ima: No TPM chip found, activating TPM-bypass!
Dec  5 09:59:44 truenas kernel: ima: Allocated hash algorithm: sha256
Dec  5 09:59:44 truenas kernel: ima: No architecture policies found
Dec  5 09:59:44 truenas kernel: evm: Initialising EVM extended attributes:
Dec  5 09:59:44 truenas kernel: evm: security.selinux
Dec  5 09:59:44 truenas kernel: evm: security.SMACK64 (disabled)
Dec  5 09:59:44 truenas kernel: evm: security.SMACK64EXEC (disabled)
Dec  5 09:59:44 truenas kernel: evm: security.SMACK64TRANSMUTE (disabled)
Dec  5 09:59:44 truenas kernel: evm: security.SMACK64MMAP (disabled)
Dec  5 09:59:44 truenas kernel: evm: security.apparmor
Dec  5 09:59:44 truenas kernel: evm: security.ima
Dec  5 09:59:44 truenas kernel: evm: security.capability
Dec  5 09:59:44 truenas kernel: evm: HMAC attrs: 0x1
Dec  5 09:59:44 truenas kernel: RAS: Correctable Errors collector initialized.
Dec  5 09:59:44 truenas kernel: clk: Disabling unused clocks
Dec  5 09:59:44 truenas kernel: Freeing unused decrypted memory: 2028K
Dec  5 09:59:44 truenas kernel: Freeing unused kernel image (initmem) memory: 3964K
Dec  5 09:59:44 truenas kernel: Write protecting the kernel read-only data: 28672k
Dec  5 09:59:44 truenas kernel: Freeing unused kernel image (rodata/data gap) memory: 1792K
Dec  5 09:59:44 truenas kernel: x86/mm: Checked W+X mappings: passed, no W+X pages found.
Dec  5 09:59:44 truenas kernel: x86/mm: Checking user space page tables
Dec  5 09:59:44 truenas kernel: x86/mm: Checked W+X mappings: passed, no W+X pages found.
Dec  5 09:59:44 truenas kernel: Run /init as init process
Dec  5 09:59:44 truenas kernel: fjes: module verification failed: signature and/or required key missing - tainting kernel
Dec  5 09:59:44 truenas kernel: dca service started, version 1.12.1
Dec  5 09:59:44 truenas kernel: SCSI subsystem initialized
Dec  5 09:59:44 truenas kernel: ACPI: bus type USB registered
Dec  5 09:59:44 truenas kernel: usbcore: registered new interface driver usbfs
Dec  5 09:59:44 truenas kernel: usbcore: registered new interface driver hub
Dec  5 09:59:44 truenas kernel: usbcore: registered new device driver usb
Dec  5 09:59:44 truenas kernel: i801_smbus 0000:00:1f.4: enabling device (0001 -> 0003)
Dec  5 09:59:44 truenas kernel: i801_smbus 0000:00:1f.4: SPD Write Disable is set
Dec  5 09:59:44 truenas kernel: i801_smbus 0000:00:1f.4: SMBus using PCI interrupt
Dec  5 09:59:44 truenas kernel: e1000e: Intel(R) PRO/1000 Network Driver
Dec  5 09:59:44 truenas kernel: e1000e: Copyright(c) 1999 - 2015 Intel Corporation.
Dec  5 09:59:44 truenas kernel: e1000e 0000:00:1f.6: Interrupt Throttling Rate (ints/sec) set to dynamic conservative mode
Dec  5 09:59:44 truenas kernel: xhci_hcd 0000:00:14.0: xHCI Host Controller
Dec  5 09:59:44 truenas kernel: xhci_hcd 0000:00:14.0: new USB bus registered, assigned bus number 1
Dec  5 09:59:44 truenas kernel: i2c i2c-0: 2/4 memory slots populated (from DMI)
Dec  5 09:59:44 truenas kernel: xhci_hcd 0000:00:14.0: hcc params 0x200077c1 hci version 0x100 quirks 0x0000000001109810
Dec  5 09:59:44 truenas kernel: i2c i2c-0: Successfully instantiated SPD at 0x50
Dec  5 09:59:44 truenas kernel: xhci_hcd 0000:00:14.0: xHCI Host Controller
Dec  5 09:59:44 truenas kernel: xhci_hcd 0000:00:14.0: new USB bus registered, assigned bus number 2
Dec  5 09:59:44 truenas kernel: xhci_hcd 0000:00:14.0: Host supports USB 3.0 SuperSpeed
Dec  5 09:59:44 truenas kernel: usb usb1: New USB device found, idVendor=1d6b, idProduct=0002, bcdDevice= 6.06
Dec  5 09:59:44 truenas kernel: usb usb1: New USB device strings: Mfr=3, Product=2, SerialNumber=1
Dec  5 09:59:44 truenas kernel: usb usb1: Product: xHCI Host Controller
Dec  5 09:59:44 truenas kernel: usb usb1: Manufacturer: Linux 6.6.44-production+truenas xhci-hcd
Dec  5 09:59:44 truenas kernel: usb usb1: SerialNumber: 0000:00:14.0
Dec  5 09:59:44 truenas kernel: hub 1-0:1.0: USB hub found
Dec  5 09:59:44 truenas kernel: i2c i2c-0: Successfully instantiated SPD at 0x52
Dec  5 09:59:44 truenas kernel: hub 1-0:1.0: 16 ports detected
Dec  5 09:59:44 truenas kernel: igb: Intel(R) Gigabit Ethernet Network Driver
Dec  5 09:59:44 truenas kernel: igb: Copyright (c) 2007-2014 Intel Corporation.
Dec  5 09:59:44 truenas kernel: usb usb2: New USB device found, idVendor=1d6b, idProduct=0003, bcdDevice= 6.06
Dec  5 09:59:44 truenas kernel: usb usb2: New USB device strings: Mfr=3, Product=2, SerialNumber=1
Dec  5 09:59:44 truenas kernel: usb usb2: Product: xHCI Host Controller
Dec  5 09:59:44 truenas kernel: usb usb2: Manufacturer: Linux 6.6.44-production+truenas xhci-hcd
Dec  5 09:59:44 truenas kernel: usb usb2: SerialNumber: 0000:00:14.0
Dec  5 09:59:44 truenas kernel: hub 2-0:1.0: USB hub found
Dec  5 09:59:44 truenas kernel: hub 2-0:1.0: 10 ports detected
Dec  5 09:59:44 truenas kernel: pps pps0: new PPS source ptp0
Dec  5 09:59:44 truenas kernel: igb 0000:06:00.0: added PHC on eth0
Dec  5 09:59:44 truenas kernel: igb 0000:06:00.0: Intel(R) Gigabit Ethernet Network Connection
Dec  5 09:59:44 truenas kernel: igb 0000:06:00.0: eth0: (PCIe:2.5Gb/s:Width x1) 40:8d:5c:bb:09:ed
Dec  5 09:59:44 truenas kernel: igb 0000:06:00.0: eth0: PBA No: FFFFFF-0FF
Dec  5 09:59:44 truenas kernel: igb 0000:06:00.0: Using MSI-X interrupts. 2 rx queue(s), 2 tx queue(s)
Dec  5 09:59:44 truenas kernel: ahci 0000:00:17.0: AHCI 0001.0301 32 slots 6 ports 6 Gbps 0x3f impl SATA mode
Dec  5 09:59:44 truenas kernel: ahci 0000:00:17.0: flags: 64bit ncq sntf pm led clo only pio slum part ems deso sadm sds apst 
Dec  5 09:59:44 truenas kernel: igb 0000:06:00.0 enp6s0: renamed from eth0
Dec  5 09:59:44 truenas kernel: tsc: Refined TSC clocksource calibration: 3192.041 MHz
Dec  5 09:59:44 truenas kernel: clocksource: tsc: mask: 0xffffffffffffffff max_cycles: 0x2e02eb64ac6, max_idle_ns: 440795343048 ns
Dec  5 09:59:44 truenas kernel: clocksource: Switched to clocksource tsc
Dec  5 09:59:44 truenas kernel: scsi host0: ahci
Dec  5 09:59:44 truenas kernel: scsi host1: ahci
Dec  5 09:59:44 truenas kernel: scsi host2: ahci
Dec  5 09:59:44 truenas kernel: scsi host3: ahci
Dec  5 09:59:44 truenas kernel: scsi host4: ahci
Dec  5 09:59:44 truenas kernel: scsi host5: ahci
Dec  5 09:59:44 truenas kernel: ata1: SATA max UDMA/133 abar m2048@0xef24b000 port 0xef24b100 irq 139
Dec  5 09:59:44 truenas kernel: ata2: SATA max UDMA/133 abar m2048@0xef24b000 port 0xef24b180 irq 139
Dec  5 09:59:44 truenas kernel: ata3: SATA max UDMA/133 abar m2048@0xef24b000 port 0xef24b200 irq 139
Dec  5 09:59:44 truenas kernel: ata4: SATA max UDMA/133 abar m2048@0xef24b000 port 0xef24b280 irq 139
Dec  5 09:59:44 truenas kernel: ata5: SATA max UDMA/133 abar m2048@0xef24b000 port 0xef24b300 irq 139
Dec  5 09:59:44 truenas kernel: ata6: SATA max UDMA/133 abar m2048@0xef24b000 port 0xef24b380 irq 139
Dec  5 09:59:44 truenas kernel: scsi host6: ahciem
Dec  5 09:59:44 truenas kernel: scsi 6:0:0:0: Enclosure         AHCI     SGPIO Enclosure  2.00 PQ: 0 ANSI: 7
Dec  5 09:59:44 truenas kernel: e1000e 0000:00:1f.6 0000:00:1f.6 (uninitialized): registered PHC clock
Dec  5 09:59:44 truenas kernel: usb 1-1: new full-speed USB device number 2 using xhci_hcd
Dec  5 09:59:44 truenas kernel: e1000e 0000:00:1f.6 eth0: (PCI Express:2.5GT/s:Width x1) 40:8d:5c:bb:09:ef
Dec  5 09:59:44 truenas kernel: e1000e 0000:00:1f.6 eth0: Intel(R) PRO/1000 Network Connection
Dec  5 09:59:44 truenas kernel: e1000e 0000:00:1f.6 eth0: MAC: 12, PHY: 12, PBA No: FFFFFF-0FF
Dec  5 09:59:44 truenas kernel: usb 1-1: New USB device found, idVendor=046d, idProduct=c548, bcdDevice= 5.03
Dec  5 09:59:44 truenas kernel: usb 1-1: New USB device strings: Mfr=1, Product=2, SerialNumber=0
Dec  5 09:59:44 truenas kernel: usb 1-1: Product: USB Receiver
Dec  5 09:59:44 truenas kernel: usb 1-1: Manufacturer: Logitech
Dec  5 09:59:44 truenas kernel: hid: raw HID events driver (C) Jiri Kosina
Dec  5 09:59:44 truenas kernel: ata2: SATA link down (SStatus 4 SControl 300)
Dec  5 09:59:44 truenas kernel: ata4: SATA link up 6.0 Gbps (SStatus 133 SControl 300)
Dec  5 09:59:44 truenas kernel: ata5: SATA link up 6.0 Gbps (SStatus 133 SControl 300)
Dec  5 09:59:44 truenas kernel: ata3: SATA link up 6.0 Gbps (SStatus 133 SControl 300)
Dec  5 09:59:44 truenas kernel: ata6: SATA link up 6.0 Gbps (SStatus 133 SControl 300)
Dec  5 09:59:44 truenas kernel: ata1: SATA link down (SStatus 4 SControl 300)
Dec  5 09:59:44 truenas kernel: ata4.00: ATA-9: OCZ-VERTEX4, 1.3, max UDMA/133
Dec  5 09:59:44 truenas kernel: ata4.00: 250069680 sectors, multi 16: LBA48 NCQ (depth 32), AA
Dec  5 09:59:44 truenas kernel: ata3.00: ATA-11: WDC WD161KFGX-68AFPN0, 83.00A83, max UDMA/133
Dec  5 09:59:44 truenas kernel: ata6.00: ATA-11: WDC WD161KFGX-68AFPN0, 83.00A83, max UDMA/133
Dec  5 09:59:44 truenas kernel: ata4.00: configured for UDMA/133
Dec  5 09:59:44 truenas kernel: ata5.00: ATA-9: ST4000VN000-1H4168, SC46, max UDMA/133
Dec  5 09:59:44 truenas kernel: ata6.00: 31251759104 sectors, multi 16: LBA48 NCQ (depth 32), AA
Dec  5 09:59:44 truenas kernel: ata3.00: 31251759104 sectors, multi 16: LBA48 NCQ (depth 32), AA
Dec  5 09:59:44 truenas kernel: ata6.00: Features: NCQ-sndrcv NCQ-prio
Dec  5 09:59:44 truenas kernel: ata3.00: Features: NCQ-sndrcv NCQ-prio
Dec  5 09:59:44 truenas kernel: ata6.00: configured for UDMA/133
Dec  5 09:59:44 truenas kernel: ata3.00: configured for UDMA/133
Dec  5 09:59:44 truenas kernel: ata5.00: NCQ Send/Recv Log not supported
Dec  5 09:59:44 truenas kernel: ata5.00: 7814037168 sectors, multi 16: LBA48 NCQ (depth 32), AA
Dec  5 09:59:44 truenas kernel: scsi 2:0:0:0: Direct-Access     ATA      WDC WD161KFGX-68 0A83 PQ: 0 ANSI: 5
Dec  5 09:59:44 truenas kernel: scsi 3:0:0:0: Direct-Access     ATA      OCZ-VERTEX4      1.3  PQ: 0 ANSI: 5
Dec  5 09:59:44 truenas kernel: ata5.00: NCQ Send/Recv Log not supported
Dec  5 09:59:44 truenas kernel: ata5.00: configured for UDMA/133
Dec  5 09:59:44 truenas kernel: scsi 4:0:0:0: Direct-Access     ATA      ST4000VN000-1H41 SC46 PQ: 0 ANSI: 5
Dec  5 09:59:44 truenas kernel: scsi 5:0:0:0: Direct-Access     ATA      WDC WD161KFGX-68 0A83 PQ: 0 ANSI: 5
Dec  5 09:59:44 truenas kernel: usbcore: registered new interface driver usbhid
Dec  5 09:59:44 truenas kernel: usbhid: USB HID core driver
Dec  5 09:59:44 truenas kernel: ses 6:0:0:0: Attached Enclosure device
Dec  5 09:59:44 truenas kernel: input: Logitech USB Receiver as /devices/pci0000:00/0000:00:14.0/usb1/1-1/1-1:1.0/0003:046D:C548.0001/input/input0
Dec  5 09:59:44 truenas kernel: sd 3:0:0:0: [sdb] 250069680 512-byte logical blocks: (128 GB/119 GiB)
Dec  5 09:59:44 truenas kernel: sd 3:0:0:0: [sdb] Write Protect is off
Dec  5 09:59:44 truenas kernel: sd 4:0:0:0: [sdc] 7814037168 512-byte logical blocks: (4.00 TB/3.64 TiB)
Dec  5 09:59:44 truenas kernel: sd 3:0:0:0: [sdb] Write cache: enabled, read cache: enabled, doesn't support DPO or FUA
Dec  5 09:59:44 truenas kernel: sd 4:0:0:0: [sdc] 4096-byte physical blocks
Dec  5 09:59:44 truenas kernel: sd 3:0:0:0: [sdb] Preferred minimum I/O size 512 bytes
Dec  5 09:59:44 truenas kernel: sd 4:0:0:0: [sdc] Write Protect is off
Dec  5 09:59:44 truenas kernel: sd 5:0:0:0: [sdd] 31251759104 512-byte logical blocks: (16.0 TB/14.6 TiB)
Dec  5 09:59:44 truenas kernel: sd 2:0:0:0: [sda] 31251759104 512-byte logical blocks: (16.0 TB/14.6 TiB)
Dec  5 09:59:44 truenas kernel: sd 2:0:0:0: [sda] 4096-byte physical blocks
Dec  5 09:59:44 truenas kernel: sd 2:0:0:0: [sda] Write Protect is off
Dec  5 09:59:44 truenas kernel: sd 2:0:0:0: [sda] Write cache: enabled, read cache: enabled, doesn't support DPO or FUA
Dec  5 09:59:44 truenas kernel: sd 2:0:0:0: [sda] Preferred minimum I/O size 4096 bytes
Dec  5 09:59:44 truenas kernel: sd 4:0:0:0: [sdc] Write cache: enabled, read cache: enabled, doesn't support DPO or FUA
Dec  5 09:59:44 truenas kernel: sd 5:0:0:0: [sdd] 4096-byte physical blocks
Dec  5 09:59:44 truenas kernel: sd 4:0:0:0: [sdc] Preferred minimum I/O size 4096 bytes
Dec  5 09:59:44 truenas kernel: sd 5:0:0:0: [sdd] Write Protect is off
Dec  5 09:59:44 truenas kernel: e1000e 0000:00:1f.6 enp0s31f6: renamed from eth0
Dec  5 09:59:44 truenas kernel: sd 5:0:0:0: [sdd] Write cache: enabled, read cache: enabled, doesn't support DPO or FUA
Dec  5 09:59:44 truenas kernel:  sdb: sdb1 sdb2 sdb3
Dec  5 09:59:44 truenas kernel: sd 5:0:0:0: [sdd] Preferred minimum I/O size 4096 bytes
Dec  5 09:59:44 truenas kernel: sd 3:0:0:0: [sdb] Attached SCSI disk
Dec  5 09:59:44 truenas kernel: usb 1-8: new full-speed USB device number 3 using xhci_hcd
Dec  5 09:59:44 truenas kernel: hid-generic 0003:046D:C548.0001: input,hidraw0: USB HID v1.11 Keyboard [Logitech USB Receiver] on usb-0000:00:14.0-1/input0
Dec  5 09:59:44 truenas kernel: input: Logitech USB Receiver Mouse as /devices/pci0000:00/0000:00:14.0/usb1/1-1/1-1:1.1/0003:046D:C548.0002/input/input1
Dec  5 09:59:44 truenas kernel: input: Logitech USB Receiver Consumer Control as /devices/pci0000:00/0000:00:14.0/usb1/1-1/1-1:1.1/0003:046D:C548.0002/input/input2
Dec  5 09:59:44 truenas kernel:  sda: sda1 sda2
Dec  5 09:59:44 truenas kernel: sd 2:0:0:0: [sda] Attached SCSI disk
Dec  5 09:59:44 truenas kernel:  sdd: sdd1 sdd2
Dec  5 09:59:44 truenas kernel: sd 5:0:0:0: [sdd] Attached SCSI disk
Dec  5 09:59:44 truenas kernel:  sdc: sdc1 sdc2
Dec  5 09:59:44 truenas kernel: sd 4:0:0:0: [sdc] Attached SCSI disk
Dec  5 09:59:44 truenas kernel: input: Logitech USB Receiver System Control as /devices/pci0000:00/0000:00:14.0/usb1/1-1/1-1:1.1/0003:046D:C548.0002/input/input3
Dec  5 09:59:44 truenas kernel: input: Logitech USB Receiver as /devices/pci0000:00/0000:00:14.0/usb1/1-1/1-1:1.1/0003:046D:C548.0002/input/input4
Dec  5 09:59:44 truenas kernel: hid-generic 0003:046D:C548.0002: input,hiddev0,hidraw1: USB HID v1.11 Mouse [Logitech USB Receiver] on usb-0000:00:14.0-1/input1
Dec  5 09:59:44 truenas kernel: hid-generic 0003:046D:C548.0003: hiddev1,hidraw2: USB HID v1.11 Device [Logitech USB Receiver] on usb-0000:00:14.0-1/input2
Dec  5 09:59:44 truenas kernel: input: Logitech USB Receiver as /devices/pci0000:00/0000:00:14.0/usb1/1-1/1-1:1.3/0003:046D:C548.0004/input/input5
Dec  5 09:59:44 truenas kernel: hid-generic 0003:046D:C548.0004: input,hidraw3: USB HID v1.11 Device [Logitech USB Receiver] on usb-0000:00:14.0-1/input3
Dec  5 09:59:44 truenas kernel: usb 1-8: New USB device found, idVendor=8087, idProduct=0a2b, bcdDevice= 0.01
Dec  5 09:59:44 truenas kernel: usb 1-8: New USB device strings: Mfr=0, Product=0, SerialNumber=0
Dec  5 09:59:44 truenas kernel: spl: loading out-of-tree module taints kernel.
Dec  5 09:59:44 truenas kernel: zfs: module license 'CDDL' taints kernel.
Dec  5 09:59:44 truenas kernel: Disabling lock debugging due to kernel taint
Dec  5 09:59:44 truenas kernel: zfs: module license taints kernel.
Dec  5 09:59:44 truenas kernel: ZFS: Loaded module v2.2.99-1, ZFS pool version 5000, ZFS filesystem version 5
Dec  5 09:59:44 truenas kernel: Not activating Mandatory Access Control as /sbin/tomoyo-init does not exist.
Dec  5 09:59:44 truenas kernel: pstore: Using crash dump compression: deflate
Dec  5 09:59:44 truenas kernel: loop: module loaded
Dec  5 09:59:44 truenas kernel: pstore: Registered efi_pstore as persistent store backend
Dec  5 09:59:44 truenas kernel: ACPI: bus type drm_connector registered
Dec  5 09:59:44 truenas systemd-journald[564]: Received client request to flush runtime journal.
Dec  5 09:59:44 truenas kernel: ses 6:0:0:0: Attached scsi generic sg0 type 13
Dec  5 09:59:44 truenas kernel: sd 2:0:0:0: Attached scsi generic sg1 type 0
Dec  5 09:59:45 truenas kernel: sd 3:0:0:0: Attached scsi generic sg2 type 0
Dec  5 09:59:45 truenas kernel: sd 4:0:0:0: Attached scsi generic sg3 type 0
Dec  5 09:59:45 truenas kernel: sd 5:0:0:0: Attached scsi generic sg4 type 0
Dec  5 09:59:45 truenas kernel: EDAC ie31200: No ECC support
Dec  5 09:59:45 truenas kernel: EDAC ie31200: No ECC support
Dec  5 09:59:45 truenas kernel: input: Sleep Button as /devices/LNXSYSTM:00/LNXSYBUS:00/PNP0C0E:00/input/input6
Dec  5 09:59:45 truenas kernel: resource: resource sanity check: requesting [mem 0x00000000fdffe800-0x00000000fe0007ff], which spans more than pnp 00:06 [mem 0xfdb00000-0xfdffffff]
Dec  5 09:59:45 truenas kernel: caller get_primary_reg_base+0x4f/0xb0 [intel_pmc_core] mapping multiple BARs
Dec  5 09:59:45 truenas kernel: intel_pmc_core INT33A1:00:  initialized
Dec  5 09:59:45 truenas kernel: ACPI: button: Sleep Button [SLPB]
Dec  5 09:59:45 truenas kernel: input: Power Button as /devices/LNXSYSTM:00/LNXSYBUS:00/PNP0C0C:00/input/input7
Dec  5 09:59:45 truenas kernel: ACPI: button: Power Button [PWRB]
Dec  5 09:59:45 truenas kernel: input: Power Button as /devices/LNXSYSTM:00/LNXPWRBN:00/input/input8
Dec  5 09:59:45 truenas kernel: ACPI: button: Power Button [PWRF]
Dec  5 09:59:45 truenas kernel: input: Logitech USB Receiver as /devices/pci0000:00/0000:00:14.0/usb1/1-1/1-1:1.3/0003:046D:C548.0004/input/input9
Dec  5 09:59:45 truenas kernel: hid-multitouch 0003:046D:C548.0004: input,hidraw3: USB HID v1.11 Device [Logitech USB Receiver] on usb-0000:00:14.0-1/input3
Dec  5 09:59:45 truenas kernel: input: PC Speaker as /devices/platform/pcspkr/input/input10
Dec  5 09:59:45 truenas kernel: ee1004 0-0050: 512 byte EE1004-compliant SPD EEPROM, read-only
Dec  5 09:59:45 truenas kernel: ee1004 0-0052: 512 byte EE1004-compliant SPD EEPROM, read-only
Dec  5 09:59:45 truenas kernel: iTCO_vendor_support: vendor-support=0
Dec  5 09:59:45 truenas kernel: iTCO_wdt iTCO_wdt: Found a Intel PCH TCO device (Version=4, TCOBASE=0x0400)
Dec  5 09:59:45 truenas kernel: iTCO_wdt iTCO_wdt: initialized. heartbeat=30 sec (nowayout=0)
Dec  5 09:59:45 truenas kernel: mei_me 0000:00:16.0: enabling device (0000 -> 0002)
Dec  5 09:59:45 truenas kernel: RAPL PMU: API unit is 2^-32 Joules, 4 fixed counters, 655360 ms ovfl timer
Dec  5 09:59:45 truenas kernel: RAPL PMU: hw unit of domain pp0-core 2^-14 Joules
Dec  5 09:59:45 truenas kernel: RAPL PMU: hw unit of domain package 2^-14 Joules
Dec  5 09:59:45 truenas kernel: RAPL PMU: hw unit of domain dram 2^-14 Joules
Dec  5 09:59:45 truenas kernel: RAPL PMU: hw unit of domain pp1-gpu 2^-14 Joules
Dec  5 09:59:45 truenas kernel: cryptd: max_cpu_qlen set to 1000
Dec  5 09:59:45 truenas kernel: AVX2 version of gcm_enc/dec engaged.
Dec  5 09:59:45 truenas kernel: AES CTR mode by8 optimization enabled
Dec  5 09:59:45 truenas kernel: i915 0000:00:02.0: [drm] VT-d active for gfx access
Dec  5 09:59:45 truenas kernel: Console: switching to colour dummy device 80x25
Dec  5 09:59:45 truenas kernel: i915 0000:00:02.0: vgaarb: deactivate vga console
Dec  5 09:59:45 truenas kernel: i915 0000:00:02.0: [drm] Using Transparent Hugepages
Dec  5 09:59:45 truenas kernel: i915 0000:00:02.0: vgaarb: VGA decodes changed: olddecodes=io+mem,decodes=io+mem:owns=io+mem
Dec  5 09:59:45 truenas kernel: i915 0000:00:02.0: [drm] Disabling framebuffer compression (FBC) to prevent screen flicker with VT-d enabled
Dec  5 09:59:45 truenas kernel: i915 0000:00:02.0: [drm] [ENCODER:94:DDI B/PHY B] is disabled/in DSI mode with an ungated DDI clock, gate it
Dec  5 09:59:45 truenas kernel: i915 0000:00:02.0: [drm] [ENCODER:107:DDI D/PHY D] is disabled/in DSI mode with an ungated DDI clock, gate it
Dec  5 09:59:45 truenas kernel: i915 0000:00:02.0: [drm] Finished loading DMC firmware i915/skl_dmc_ver1_27.bin (v1.27)
Dec  5 09:59:45 truenas kernel: [drm] Initialized i915 1.6.0 20201103 for 0000:00:02.0 on minor 0
Dec  5 09:59:45 truenas kernel: ACPI: video: Video Device [GFX0] (multi-head: yes  rom: no  post: no)
Dec  5 09:59:45 truenas kernel: input: Video Bus as /devices/LNXSYSTM:00/LNXSYBUS:00/PNP0A08:00/LNXVIDEO:00/input/input11
Dec  5 09:59:45 truenas kernel: snd_hda_intel 0000:00:1f.3: bound 0000:00:02.0 (ops i915_audio_component_bind_ops [i915])
Dec  5 09:59:45 truenas kernel: fbcon: i915drmfb (fb0) is primary device
Dec  5 09:59:46 truenas kernel: Console: switching to colour frame buffer device 240x67
Dec  5 09:59:46 truenas kernel: i915 0000:00:02.0: [drm] fb0: i915drmfb frame buffer device
Dec  5 09:59:46 truenas kernel: snd_hda_codec_realtek hdaudioC0D0: ALC1150: SKU not ready 0x00000000
Dec  5 09:59:46 truenas kernel: snd_hda_codec_realtek hdaudioC0D0: autoconfig for ALC1150: line_outs=3 (0x14/0x15/0x16/0x0/0x0) type:line
Dec  5 09:59:46 truenas kernel: snd_hda_codec_realtek hdaudioC0D0:    speaker_outs=0 (0x0/0x0/0x0/0x0/0x0)
Dec  5 09:59:46 truenas kernel: snd_hda_codec_realtek hdaudioC0D0:    hp_outs=1 (0x1b/0x0/0x0/0x0/0x0)
Dec  5 09:59:46 truenas kernel: snd_hda_codec_realtek hdaudioC0D0:    mono: mono_out=0x0
Dec  5 09:59:46 truenas kernel: snd_hda_codec_realtek hdaudioC0D0:    dig-out=0x11/0x1e
Dec  5 09:59:46 truenas kernel: snd_hda_codec_realtek hdaudioC0D0:    inputs:
Dec  5 09:59:46 truenas kernel: snd_hda_codec_realtek hdaudioC0D0:      Front Mic=0x19
Dec  5 09:59:46 truenas kernel: snd_hda_codec_realtek hdaudioC0D0:      Rear Mic=0x18
Dec  5 09:59:46 truenas kernel: snd_hda_codec_realtek hdaudioC0D0:      Line=0x1a
Dec  5 09:59:46 truenas kernel: input: HDA Digital PCBeep as /devices/pci0000:00/0000:00:1f.3/sound/card0/input12
Dec  5 09:59:46 truenas kernel: input: HDA Intel PCH Front Mic as /devices/pci0000:00/0000:00:1f.3/sound/card0/input13
Dec  5 09:59:46 truenas kernel: input: HDA Intel PCH Rear Mic as /devices/pci0000:00/0000:00:1f.3/sound/card0/input14
Dec  5 09:59:46 truenas kernel: input: HDA Intel PCH Line as /devices/pci0000:00/0000:00:1f.3/sound/card0/input15
Dec  5 09:59:46 truenas kernel: input: HDA Intel PCH Line Out Front as /devices/pci0000:00/0000:00:1f.3/sound/card0/input16
Dec  5 09:59:46 truenas kernel: input: HDA Intel PCH Line Out Surround as /devices/pci0000:00/0000:00:1f.3/sound/card0/input17
Dec  5 09:59:46 truenas kernel: input: HDA Intel PCH Line Out CLFE as /devices/pci0000:00/0000:00:1f.3/sound/card0/input18
Dec  5 09:59:46 truenas kernel: input: HDA Intel PCH Front Headphone as /devices/pci0000:00/0000:00:1f.3/sound/card0/input19
Dec  5 09:59:46 truenas kernel: input: HDA Intel PCH HDMI/DP,pcm=3 as /devices/pci0000:00/0000:00:1f.3/sound/card0/input20
Dec  5 09:59:46 truenas kernel: input: HDA Intel PCH HDMI/DP,pcm=7 as /devices/pci0000:00/0000:00:1f.3/sound/card0/input21
Dec  5 09:59:46 truenas kernel: input: HDA Intel PCH HDMI/DP,pcm=8 as /devices/pci0000:00/0000:00:1f.3/sound/card0/input22
Dec  5 09:59:46 truenas kernel: intel_rapl_common: Found RAPL domain package
Dec  5 09:59:46 truenas kernel: intel_rapl_common: Found RAPL domain core
Dec  5 09:59:46 truenas kernel: intel_rapl_common: Found RAPL domain uncore
Dec  5 09:59:46 truenas kernel: intel_rapl_common: Found RAPL domain dram
Dec  5 10:00:36 truenas kernel: systemd[1]: memfd_create() called without MFD_EXEC or MFD_NOEXEC_SEAL set
Dec  5 10:00:37 truenas kernel: ioatdma: Intel(R) QuickData Technology Driver 5.00
Dec  5 10:00:37 truenas kernel: NTB Resource Split driver, version 1
Dec  5 10:00:37 truenas kernel: Software Queue-Pair Transport over NTB, version 4
Dec  5 10:00:37 truenas kernel: NMI watchdog: Enabled. Permanently consumes one hw-PMU counter.
Dec  5 10:00:40 truenas kernel: igb 0000:06:00.0 enp6s0: igb: enp6s0 NIC Link is Up 1000 Mbps Full Duplex, Flow Control: RX
Dec  5 10:01:09 truenas kernel: audit: type=1400 audit(1733421669.119:2): apparmor="STATUS" operation="profile_load" profile="unconfined" name="lsb_release" pid=3009 comm="apparmor_parser"
Dec  5 10:01:09 truenas kernel: RPC: Registered named UNIX socket transport module.
Dec  5 10:01:09 truenas kernel: RPC: Registered udp transport module.
Dec  5 10:01:09 truenas kernel: RPC: Registered tcp transport module.
Dec  5 10:01:09 truenas kernel: RPC: Registered tcp-with-tls transport module.
Dec  5 10:01:09 truenas kernel: RPC: Registered tcp NFSv4.1 backchannel transport module.
Dec  5 10:01:09 truenas kernel: audit: type=1400 audit(1733421669.179:3): apparmor="STATUS" operation="profile_load" profile="unconfined" name="nvidia_modprobe" pid=3010 comm="apparmor_parser"
Dec  5 10:01:09 truenas kernel: audit: type=1400 audit(1733421669.183:4): apparmor="STATUS" operation="profile_load" profile="unconfined" name="nvidia_modprobe//kmod" pid=3010 comm="apparmor_parser"
Dec  5 10:01:09 truenas kernel: audit: type=1400 audit(1733421669.395:5): apparmor="STATUS" operation="profile_load" profile="unconfined" name="tcpdump" pid=3020 comm="apparmor_parser"
Dec  5 10:01:09 truenas kernel: audit: type=1400 audit(1733421669.451:6): apparmor="STATUS" operation="profile_load" profile="unconfined" name="/usr/bin/man" pid=3013 comm="apparmor_parser"
Dec  5 10:01:09 truenas kernel: audit: type=1400 audit(1733421669.459:7): apparmor="STATUS" operation="profile_load" profile="unconfined" name="man_filter" pid=3013 comm="apparmor_parser"
Dec  5 10:01:09 truenas kernel: audit: type=1400 audit(1733421669.459:8): apparmor="STATUS" operation="profile_load" profile="unconfined" name="man_groff" pid=3013 comm="apparmor_parser"
Dec  5 10:01:09 truenas kernel: audit: type=1400 audit(1733421669.471:9): apparmor="STATUS" operation="profile_load" profile="unconfined" name="virt-aa-helper" pid=3025 comm="apparmor_parser"
Dec  5 10:01:09 truenas kernel: audit: type=1400 audit(1733421669.475:10): apparmor="STATUS" operation="profile_load" profile="unconfined" name="/usr/lib/NetworkManager/nm-dhcp-client.action" pid=3011 comm="apparmor_parser"
Dec  5 10:01:09 truenas kernel: audit: type=1400 audit(1733421669.479:11): apparmor="STATUS" operation="profile_load" profile="unconfined" name="/usr/lib/NetworkManager/nm-dhcp-helper" pid=3011 comm="apparmor_parser"
Dec  5 10:01:11 truenas netdata[3544]: CONFIG: cannot load cloud config '/var/lib/netdata/cloud.d/cloud.conf'. Running with internal defaults.
Dec  5 10:01:11 truenas netdata[3544]: Found 0 legacy dbengines, setting multidb diskspace to 256MB
Dec  5 10:01:11 truenas netdata[3544]: Created file '/var/db/system/netdata/ix_state/dbengine_multihost_size' to store the computed value
Dec  5 10:02:36 truenas kernel: usb 2-4: new SuperSpeed USB device number 2 using xhci_hcd
Dec  5 10:02:36 truenas kernel: usb 2-4: New USB device found, idVendor=0781, idProduct=5588, bcdDevice= 1.00
Dec  5 10:02:36 truenas kernel: usb 2-4: New USB device strings: Mfr=2, Product=3, SerialNumber=1
Dec  5 10:02:36 truenas kernel: usb 2-4: Product: USB Extreme Pro
Dec  5 10:02:36 truenas kernel: usb 2-4: Manufacturer: SanDisk
Dec  5 10:02:36 truenas kernel: usb 2-4: SerialNumber: 1131167971F5
Dec  5 10:02:36 truenas kernel: usb-storage 2-4:1.0: USB Mass Storage device detected
Dec  5 10:02:36 truenas kernel: scsi host7: usb-storage 2-4:1.0
Dec  5 10:02:36 truenas kernel: usbcore: registered new interface driver usb-storage
Dec  5 10:02:36 truenas kernel: usbcore: registered new interface driver uas
Dec  5 10:02:37 truenas kernel: scsi 7:0:0:0: Direct-Access     SanDisk  Extreme Pro      0    PQ: 0 ANSI: 6
Dec  5 10:02:37 truenas kernel: sd 7:0:0:0: Attached scsi generic sg5 type 0
Dec  5 10:02:37 truenas kernel: sd 7:0:0:0: [sde] 500170752 512-byte logical blocks: (256 GB/239 GiB)
Dec  5 10:02:37 truenas kernel: sd 7:0:0:0: [sde] Write Protect is off
Dec  5 10:02:37 truenas kernel: sd 7:0:0:0: [sde] Write cache: enabled, read cache: enabled, doesn't support DPO or FUA
Dec  5 10:02:37 truenas kernel:  sde: sde1 sde2
Dec  5 10:02:37 truenas kernel: sd 7:0:0:0: [sde] Attached SCSI removable disk
Dec  5 10:02:39 truenas netdata[5866]: CONFIG: cannot load cloud config '/var/lib/netdata/cloud.d/cloud.conf'. Running with internal defaults.
Dec  5 10:02:46 truenas syslog-ng[3297]: syslog-ng shutting down; version='3.38.1'
Dec  7 08:41:48 truenas syslog-ng[2379]: syslog-ng starting up; version='3.38.1'
Dec  5 10:02:52 truenas systemd-journald[564]: Received SIGTERM from PID 1 (systemd-shutdow).
Dec  7 08:40:46 truenas kernel: microcode: updated early: 0xc2 -> 0xf0, date = 2021-11-12
Dec  7 08:40:46 truenas kernel: Linux version 6.6.44-production+truenas (root@tnsbuilds01.tn.ixsystems.net) (gcc (Debian 12.2.0-14) 12.2.0, GNU ld (GNU Binutils for Debian) 2.40) #1 SMP PREEMPT_DYNAMIC Fri Nov  8 18:37:36 UTC 2024
Dec  7 08:40:46 truenas kernel: Command line: BOOT_IMAGE=/ROOT/24.10.0.2@/boot/vmlinuz-6.6.44-production+truenas root=ZFS=boot-pool/ROOT/24.10.0.2 ro libata.allow_tpm=1 amd_iommu=on iommu=pt kvm_amd.npt=1 kvm_amd.avic=1 intel_iommu=on zfsforce=1 nvme_core.multipath=N
Dec  7 08:40:46 truenas kernel: BIOS-provided physical RAM map:
Dec  7 08:40:46 truenas kernel: BIOS-e820: [mem 0x0000000000000000-0x0000000000057fff] usable
Dec  7 08:40:46 truenas kernel: BIOS-e820: [mem 0x0000000000058000-0x0000000000058fff] reserved
Dec  7 08:40:46 truenas kernel: BIOS-e820: [mem 0x0000000000059000-0x000000000009efff] usable
Dec  7 08:40:46 truenas kernel: BIOS-e820: [mem 0x000000000009f000-0x00000000000fffff] reserved
Dec  7 08:40:46 truenas kernel: BIOS-e820: [mem 0x0000000000100000-0x00000000b2465fff] usable
Dec  7 08:40:46 truenas kernel: BIOS-e820: [mem 0x00000000b2466000-0x00000000b2466fff] ACPI NVS
Dec  7 08:40:46 truenas kernel: BIOS-e820: [mem 0x00000000b2467000-0x00000000b2467fff] reserved
Dec  7 08:40:46 truenas kernel: BIOS-e820: [mem 0x00000000b2468000-0x00000000b9d6bfff] usable
Dec  7 08:40:46 truenas kernel: BIOS-e820: [mem 0x00000000b9d6c000-0x00000000ba0effff] reserved
Dec  7 08:40:46 truenas kernel: BIOS-e820: [mem 0x00000000ba0f0000-0x00000000ba320fff] usable
Dec  7 08:40:46 truenas kernel: BIOS-e820: [mem 0x00000000ba321000-0x00000000ba9cffff] ACPI NVS
Dec  7 08:40:46 truenas kernel: BIOS-e820: [mem 0x00000000ba9d0000-0x00000000baea3fff] reserved
Dec  7 08:40:46 truenas kernel: BIOS-e820: [mem 0x00000000baea4000-0x00000000baefefff] type 20
Dec  7 08:40:46 truenas kernel: BIOS-e820: [mem 0x00000000baeff000-0x00000000baefffff] usable
Dec  7 08:40:46 truenas kernel: BIOS-e820: [mem 0x00000000baf00000-0x00000000bfffffff] reserved
Dec  7 08:40:46 truenas kernel: BIOS-e820: [mem 0x00000000f0000000-0x00000000f7ffffff] reserved
Dec  7 08:40:46 truenas kernel: BIOS-e820: [mem 0x00000000fe000000-0x00000000fe010fff] reserved
Dec  7 08:40:46 truenas kernel: BIOS-e820: [mem 0x00000000fec00000-0x00000000fec00fff] reserved
Dec  7 08:40:46 truenas kernel: BIOS-e820: [mem 0x00000000fee00000-0x00000000fee00fff] reserved
Dec  7 08:40:46 truenas kernel: BIOS-e820: [mem 0x00000000ff000000-0x00000000ffffffff] reserved
Dec  7 08:40:46 truenas kernel: BIOS-e820: [mem 0x0000000100000000-0x000000083effffff] usable
Dec  7 08:40:46 truenas kernel: NX (Execute Disable) protection: active
Dec  7 08:40:46 truenas kernel: APIC: Static calls initialized
Dec  7 08:40:46 truenas kernel: efi: EFI v2.5 by American Megatrends
Dec  7 08:40:46 truenas kernel: efi: ACPI 2.0=0xba621000 ACPI=0xba621000 SMBIOS=0xbadcf000 SMBIOS 3.0=0xbadce000 ESRT=0xb8a50e98 
Dec  7 08:40:46 truenas kernel: efi: Remove mem38: MMIO range=[0xf0000000-0xf7ffffff] (128MB) from e820 map
Dec  7 08:40:46 truenas kernel: efi: Not removing mem39: MMIO range=[0xfe000000-0xfe010fff] (68KB) from e820 map
Dec  7 08:40:46 truenas kernel: efi: Not removing mem40: MMIO range=[0xfec00000-0xfec00fff] (4KB) from e820 map
Dec  7 08:40:46 truenas kernel: efi: Not removing mem41: MMIO range=[0xfee00000-0xfee00fff] (4KB) from e820 map
Dec  7 08:40:46 truenas kernel: efi: Remove mem42: MMIO range=[0xff000000-0xffffffff] (16MB) from e820 map
Dec  7 08:40:46 truenas kernel: SMBIOS 3.0.0 present.
Dec  7 08:40:46 truenas kernel: DMI: Gigabyte Technology Co., Ltd. Z170N-WIFI/Z170N-WIFI-CF, BIOS F20i 03/09/2018
Dec  7 08:40:46 truenas kernel: tsc: Detected 3200.000 MHz processor
Dec  7 08:40:46 truenas kernel: tsc: Detected 3199.980 MHz TSC
Dec  7 08:40:46 truenas kernel: last_pfn = 0x83f000 max_arch_pfn = 0x400000000
Dec  7 08:40:46 truenas kernel: MTRR map: 4 entries (3 fixed + 1 variable; max 23), built from 10 variable MTRRs
Dec  7 08:40:46 truenas kernel: x86/PAT: Configuration [0-7]: WB  WC  UC- UC  WB  WP  UC- WT  
Dec  7 08:40:46 truenas kernel: last_pfn = 0xbaf00 max_arch_pfn = 0x400000000
Dec  7 08:40:46 truenas kernel: found SMP MP-table at [mem 0x000fcc60-0x000fcc6f]
Dec  7 08:40:46 truenas kernel: esrt: Reserving ESRT space from 0x00000000b8a50e98 to 0x00000000b8a50ed0.
Dec  7 08:40:46 truenas kernel: Using GB pages for direct mapping
Dec  7 08:40:46 truenas kernel: Secure boot disabled
Dec  7 08:40:46 truenas kernel: RAMDISK: [mem 0x2f1bb000-0x338d4fff]
Dec  7 08:40:46 truenas kernel: ACPI: Early table checksum verification disabled
Dec  7 08:40:46 truenas kernel: ACPI: RSDP 0x00000000BA621000 000024 (v02 ALASKA)
Dec  7 08:40:46 truenas kernel: ACPI: XSDT 0x00000000BA6210A0 0000BC (v01 ALASKA A M I    01072009 AMI  00010013)
Dec  7 08:40:46 truenas kernel: ACPI: FACP 0x00000000BA6492A8 000114 (v06 ALASKA A M I    01072009 AMI  00010013)
Dec  7 08:40:46 truenas kernel: ACPI: DSDT 0x00000000BA6211F0 0280B7 (v02 ALASKA A M I    01072009 INTL 20160422)
Dec  7 08:40:46 truenas kernel: ACPI: FACS 0x00000000BA9CFC40 000040
Dec  7 08:40:46 truenas kernel: ACPI: APIC 0x00000000BA6493C0 000084 (v03 ALASKA A M I    01072009 AMI  00010013)
Dec  7 08:40:46 truenas kernel: ACPI: FPDT 0x00000000BA649448 000044 (v01 ALASKA A M I    01072009 AMI  00010013)
Dec  7 08:40:46 truenas kernel: ACPI: MCFG 0x00000000BA649490 00003C (v01 ALASKA A M I    01072009 MSFT 00000097)
Dec  7 08:40:46 truenas kernel: ACPI: FIDT 0x00000000BA6494D0 00009C (v01 ALASKA A M I    01072009 AMI  00010013)
Dec  7 08:40:46 truenas kernel: ACPI: SSDT 0x00000000BA649570 003154 (v02 SaSsdt SaSsdt   00003000 INTL 20160422)
Dec  7 08:40:46 truenas kernel: ACPI: SSDT 0x00000000BA64C6C8 002544 (v02 PegSsd PegSsdt  00001000 INTL 20160422)
Dec  7 08:40:46 truenas kernel: ACPI: HPET 0x00000000BA64EC10 000038 (v01 INTEL  SKL      00000001 MSFT 0000005F)
Dec  7 08:40:46 truenas kernel: ACPI: SSDT 0x00000000BA64EC48 000E3B (v02 INTEL  Ther_Rvp 00001000 INTL 20160422)
Dec  7 08:40:46 truenas kernel: ACPI: SSDT 0x00000000BA64FA88 002AD7 (v02 INTEL  xh_rvp10 00000000 INTL 20160422)
Dec  7 08:40:46 truenas kernel: ACPI: UEFI 0x00000000BA652560 000042 (v01 INTEL  EDK2     00000002      01000013)
Dec  7 08:40:46 truenas kernel: ACPI: SSDT 0x00000000BA6525A8 000EDE (v02 CpuRef CpuSsdt  00003000 INTL 20160422)
Dec  7 08:40:46 truenas kernel: ACPI: LPIT 0x00000000BA653488 000094 (v01 INTEL  SKL      00000000 MSFT 0000005F)
Dec  7 08:40:46 truenas kernel: ACPI: WSMT 0x00000000BA653520 000028 (v01 INTEL  SKL      00000000 MSFT 0000005F)
Dec  7 08:40:46 truenas kernel: ACPI: SSDT 0x00000000BA653548 00029F (v02 INTEL  sensrhub 00000000 INTL 20160422)
Dec  7 08:40:46 truenas kernel: ACPI: SSDT 0x00000000BA6537E8 003002 (v02 INTEL  PtidDevc 00001000 INTL 20160422)
Dec  7 08:40:46 truenas kernel: ACPI: DBGP 0x00000000BA6567F0 000034 (v01 INTEL           00000002 MSFT 0000005F)
Dec  7 08:40:46 truenas kernel: ACPI: DBG2 0x00000000BA656828 000054 (v00 INTEL           00000002 MSFT 0000005F)
Dec  7 08:40:46 truenas kernel: ACPI: DMAR 0x00000000BA656880 0000A8 (v01 INTEL  SKL      00000001 INTL 00000001)
Dec  7 08:40:46 truenas kernel: ACPI: Reserving FACP table memory at [mem 0xba6492a8-0xba6493bb]
Dec  7 08:40:46 truenas kernel: ACPI: Reserving DSDT table memory at [mem 0xba6211f0-0xba6492a6]
Dec  7 08:40:46 truenas kernel: ACPI: Reserving FACS table memory at [mem 0xba9cfc40-0xba9cfc7f]
Dec  7 08:40:46 truenas kernel: ACPI: Reserving APIC table memory at [mem 0xba6493c0-0xba649443]
Dec  7 08:40:46 truenas kernel: ACPI: Reserving FPDT table memory at [mem 0xba649448-0xba64948b]
Dec  7 08:40:46 truenas kernel: ACPI: Reserving MCFG table memory at [mem 0xba649490-0xba6494cb]
Dec  7 08:40:46 truenas kernel: ACPI: Reserving FIDT table memory at [mem 0xba6494d0-0xba64956b]
Dec  7 08:40:46 truenas kernel: ACPI: Reserving SSDT table memory at [mem 0xba649570-0xba64c6c3]
Dec  7 08:40:46 truenas kernel: ACPI: Reserving SSDT table memory at [mem 0xba64c6c8-0xba64ec0b]
Dec  7 08:40:46 truenas kernel: ACPI: Reserving HPET table memory at [mem 0xba64ec10-0xba64ec47]
Dec  7 08:40:46 truenas kernel: ACPI: Reserving SSDT table memory at [mem 0xba64ec48-0xba64fa82]
Dec  7 08:40:46 truenas kernel: ACPI: Reserving SSDT table memory at [mem 0xba64fa88-0xba65255e]
Dec  7 08:40:46 truenas kernel: ACPI: Reserving UEFI table memory at [mem 0xba652560-0xba6525a1]
Dec  7 08:40:46 truenas kernel: ACPI: Reserving SSDT table memory at [mem 0xba6525a8-0xba653485]
Dec  7 08:40:46 truenas kernel: ACPI: Reserving LPIT table memory at [mem 0xba653488-0xba65351b]
Dec  7 08:40:46 truenas kernel: ACPI: Reserving WSMT table memory at [mem 0xba653520-0xba653547]
Dec  7 08:40:46 truenas kernel: ACPI: Reserving SSDT table memory at [mem 0xba653548-0xba6537e6]
Dec  7 08:40:46 truenas kernel: ACPI: Reserving SSDT table memory at [mem 0xba6537e8-0xba6567e9]
Dec  7 08:40:46 truenas kernel: ACPI: Reserving DBGP table memory at [mem 0xba6567f0-0xba656823]
Dec  7 08:40:46 truenas kernel: ACPI: Reserving DBG2 table memory at [mem 0xba656828-0xba65687b]
Dec  7 08:40:46 truenas kernel: ACPI: Reserving DMAR table memory at [mem 0xba656880-0xba656927]
Dec  7 08:40:46 truenas kernel: No NUMA configuration found
Dec  7 08:40:46 truenas kernel: Faking a node at [mem 0x0000000000000000-0x000000083effffff]
Dec  7 08:40:46 truenas kernel: NODE_DATA(0) allocated [mem 0x83efd4000-0x83effffff]
Dec  7 08:40:46 truenas kernel: cma: Reserved 256 MiB at 0x0000000100000000 on node -1
Dec  7 08:40:46 truenas kernel: Zone ranges:
Dec  7 08:40:46 truenas kernel:   DMA      [mem 0x0000000000001000-0x0000000000ffffff]
Dec  7 08:40:46 truenas kernel:   DMA32    [mem 0x0000000001000000-0x00000000ffffffff]
Dec  7 08:40:46 truenas kernel:   Normal   [mem 0x0000000100000000-0x000000083effffff]
Dec  7 08:40:46 truenas kernel:   Device   empty
Dec  7 08:40:46 truenas kernel: Movable zone start for each node
Dec  7 08:40:46 truenas kernel: Early memory node ranges
Dec  7 08:40:46 truenas kernel:   node   0: [mem 0x0000000000001000-0x0000000000057fff]
Dec  7 08:40:46 truenas kernel:   node   0: [mem 0x0000000000059000-0x000000000009efff]
Dec  7 08:40:46 truenas kernel:   node   0: [mem 0x0000000000100000-0x00000000b2465fff]
Dec  7 08:40:46 truenas kernel:   node   0: [mem 0x00000000b2468000-0x00000000b9d6bfff]
Dec  7 08:40:46 truenas kernel:   node   0: [mem 0x00000000ba0f0000-0x00000000ba320fff]
Dec  7 08:40:46 truenas kernel:   node   0: [mem 0x00000000baeff000-0x00000000baefffff]
Dec  7 08:40:46 truenas kernel:   node   0: [mem 0x0000000100000000-0x000000083effffff]
Dec  7 08:40:46 truenas kernel: Initmem setup node 0 [mem 0x0000000000001000-0x000000083effffff]
Dec  7 08:40:46 truenas kernel: On node 0, zone DMA: 1 pages in unavailable ranges
Dec  7 08:40:46 truenas kernel: On node 0, zone DMA: 1 pages in unavailable ranges
Dec  7 08:40:46 truenas kernel: On node 0, zone DMA: 97 pages in unavailable ranges
Dec  7 08:40:46 truenas kernel: On node 0, zone DMA32: 2 pages in unavailable ranges
Dec  7 08:40:46 truenas kernel: On node 0, zone DMA32: 900 pages in unavailable ranges
Dec  7 08:40:46 truenas kernel: On node 0, zone DMA32: 3038 pages in unavailable ranges
Dec  7 08:40:46 truenas kernel: On node 0, zone Normal: 20736 pages in unavailable ranges
Dec  7 08:40:46 truenas kernel: On node 0, zone Normal: 4096 pages in unavailable ranges
Dec  7 08:40:46 truenas kernel: Reserving Intel graphics memory at [mem 0xbc000000-0xbfffffff]
Dec  7 08:40:46 truenas kernel: ACPI: PM-Timer IO Port: 0x1808
Dec  7 08:40:46 truenas kernel: ACPI: LAPIC_NMI (acpi_id[0x01] high edge lint[0x1])
Dec  7 08:40:46 truenas kernel: ACPI: LAPIC_NMI (acpi_id[0x02] high edge lint[0x1])
Dec  7 08:40:46 truenas kernel: ACPI: LAPIC_NMI (acpi_id[0x03] high edge lint[0x1])
Dec  7 08:40:46 truenas kernel: ACPI: LAPIC_NMI (acpi_id[0x04] high edge lint[0x1])
Dec  7 08:40:46 truenas kernel: IOAPIC[0]: apic_id 2, version 32, address 0xfec00000, GSI 0-119
Dec  7 08:40:46 truenas kernel: ACPI: INT_SRC_OVR (bus 0 bus_irq 0 global_irq 2 dfl dfl)
Dec  7 08:40:46 truenas kernel: ACPI: INT_SRC_OVR (bus 0 bus_irq 9 global_irq 9 high level)
Dec  7 08:40:46 truenas kernel: ACPI: Using ACPI (MADT) for SMP configuration information
Dec  7 08:40:46 truenas kernel: ACPI: HPET id: 0x8086a201 base: 0xfed00000
Dec  7 08:40:46 truenas kernel: TSC deadline timer available
Dec  7 08:40:46 truenas kernel: smpboot: Allowing 4 CPUs, 0 hotplug CPUs
Dec  7 08:40:46 truenas kernel: PM: hibernation: Registered nosave memory: [mem 0x00000000-0x00000fff]
Dec  7 08:40:46 truenas kernel: PM: hibernation: Registered nosave memory: [mem 0x00058000-0x00058fff]
Dec  7 08:40:46 truenas kernel: PM: hibernation: Registered nosave memory: [mem 0x0009f000-0x000fffff]
Dec  7 08:40:46 truenas kernel: PM: hibernation: Registered nosave memory: [mem 0xb2466000-0xb2466fff]
Dec  7 08:40:46 truenas kernel: PM: hibernation: Registered nosave memory: [mem 0xb2467000-0xb2467fff]
Dec  7 08:40:46 truenas kernel: PM: hibernation: Registered nosave memory: [mem 0xb8a50000-0xb8a50fff]
Dec  7 08:40:46 truenas kernel: PM: hibernation: Registered nosave memory: [mem 0xb9d6c000-0xba0effff]
Dec  7 08:40:46 truenas kernel: PM: hibernation: Registered nosave memory: [mem 0xba321000-0xba9cffff]
Dec  7 08:40:46 truenas kernel: PM: hibernation: Registered nosave memory: [mem 0xba9d0000-0xbaea3fff]
Dec  7 08:40:46 truenas kernel: PM: hibernation: Registered nosave memory: [mem 0xbaea4000-0xbaefefff]
Dec  7 08:40:46 truenas kernel: PM: hibernation: Registered nosave memory: [mem 0xbaf00000-0xbfffffff]
Dec  7 08:40:46 truenas kernel: PM: hibernation: Registered nosave memory: [mem 0xc0000000-0xfdffffff]
Dec  7 08:40:46 truenas kernel: PM: hibernation: Registered nosave memory: [mem 0xfe000000-0xfe010fff]
Dec  7 08:40:46 truenas kernel: PM: hibernation: Registered nosave memory: [mem 0xfe011000-0xfebfffff]
Dec  7 08:40:46 truenas kernel: PM: hibernation: Registered nosave memory: [mem 0xfec00000-0xfec00fff]
Dec  7 08:40:46 truenas kernel: PM: hibernation: Registered nosave memory: [mem 0xfec01000-0xfedfffff]
Dec  7 08:40:46 truenas kernel: PM: hibernation: Registered nosave memory: [mem 0xfee00000-0xfee00fff]
Dec  7 08:40:46 truenas kernel: PM: hibernation: Registered nosave memory: [mem 0xfee01000-0xffffffff]
Dec  7 08:40:46 truenas kernel: [mem 0xc0000000-0xfdffffff] available for PCI devices
Dec  7 08:40:46 truenas kernel: Booting paravirtualized kernel on bare hardware
Dec  7 08:40:46 truenas kernel: clocksource: refined-jiffies: mask: 0xffffffff max_cycles: 0xffffffff, max_idle_ns: 7645519600211568 ns
Dec  7 08:40:46 truenas kernel: setup_percpu: NR_CPUS:8192 nr_cpumask_bits:4 nr_cpu_ids:4 nr_node_ids:1
Dec  7 08:40:46 truenas kernel: percpu: Embedded 63 pages/cpu s221184 r8192 d28672 u524288
Dec  7 08:40:46 truenas kernel: Kernel command line: BOOT_IMAGE=/ROOT/24.10.0.2@/boot/vmlinuz-6.6.44-production+truenas root=ZFS=boot-pool/ROOT/24.10.0.2 ro libata.allow_tpm=1 amd_iommu=on iommu=pt kvm_amd.npt=1 kvm_amd.avic=1 intel_iommu=on zfsforce=1 nvme_core.multipath=N
Dec  7 08:40:46 truenas kernel: AMD-Vi: Unknown option - 'on'
Dec  7 08:40:46 truenas kernel: DMAR: IOMMU enabled
Dec  7 08:40:46 truenas kernel: Unknown kernel command line parameters "BOOT_IMAGE=/ROOT/24.10.0.2@/boot/vmlinuz-6.6.44-production+truenas zfsforce=1", will be passed to user space.
Dec  7 08:40:46 truenas kernel: random: crng init done
Dec  7 08:40:46 truenas kernel: Dentry cache hash table entries: 4194304 (order: 13, 33554432 bytes, linear)
Dec  7 08:40:46 truenas kernel: Inode-cache hash table entries: 2097152 (order: 12, 16777216 bytes, linear)
Dec  7 08:40:46 truenas kernel: Fallback order for Node 0: 0 
Dec  7 08:40:46 truenas kernel: Built 1 zonelists, mobility grouping on.  Total pages: 8228957
Dec  7 08:40:46 truenas kernel: Policy zone: Normal
Dec  7 08:40:46 truenas kernel: mem auto-init: stack:all(zero), heap alloc:off, heap free:off
